Archive member included to satisfy reference by file (symbol)

C:/ST/STM32CubeIDE_1.16.1/STM32CubeIDE/plugins/com.st.stm32cube.ide.mcu.externaltools.gnu-tools-for-stm32.12.3.rel1.win32_1.0.200.202406191623/tools/bin/../lib/gcc/arm-none-eabi/12.3.1/../../../../arm-none-eabi/lib/thumb/v7e-m+dp/hard\libc_nano.a(libc_a-exit.o)
                              C:/ST/STM32CubeIDE_1.16.1/STM32CubeIDE/plugins/com.st.stm32cube.ide.mcu.externaltools.gnu-tools-for-stm32.12.3.rel1.win32_1.0.200.202406191623/tools/bin/../lib/gcc/arm-none-eabi/12.3.1/../../../../arm-none-eabi/lib/thumb/v7e-m+dp/hard/crt0.o (exit)
C:/ST/STM32CubeIDE_1.16.1/STM32CubeIDE/plugins/com.st.stm32cube.ide.mcu.externaltools.gnu-tools-for-stm32.12.3.rel1.win32_1.0.200.202406191623/tools/bin/../lib/gcc/arm-none-eabi/12.3.1/../../../../arm-none-eabi/lib/thumb/v7e-m+dp/hard\libc_nano.a(libc_a-strtoul.o)
                              ./Core/Src/main.o (strtoul)
C:/ST/STM32CubeIDE_1.16.1/STM32CubeIDE/plugins/com.st.stm32cube.ide.mcu.externaltools.gnu-tools-for-stm32.12.3.rel1.win32_1.0.200.202406191623/tools/bin/../lib/gcc/arm-none-eabi/12.3.1/../../../../arm-none-eabi/lib/thumb/v7e-m+dp/hard\libc_nano.a(libc_a-ctype_.o)
                              C:/ST/STM32CubeIDE_1.16.1/STM32CubeIDE/plugins/com.st.stm32cube.ide.mcu.externaltools.gnu-tools-for-stm32.12.3.rel1.win32_1.0.200.202406191623/tools/bin/../lib/gcc/arm-none-eabi/12.3.1/../../../../arm-none-eabi/lib/thumb/v7e-m+dp/hard\libc_nano.a(libc_a-strtoul.o) (_ctype_)
C:/ST/STM32CubeIDE_1.16.1/STM32CubeIDE/plugins/com.st.stm32cube.ide.mcu.externaltools.gnu-tools-for-stm32.12.3.rel1.win32_1.0.200.202406191623/tools/bin/../lib/gcc/arm-none-eabi/12.3.1/../../../../arm-none-eabi/lib/thumb/v7e-m+dp/hard\libc_nano.a(libc_a-isxdigit.o)
                              ./Core/Src/main.o (isxdigit)
C:/ST/STM32CubeIDE_1.16.1/STM32CubeIDE/plugins/com.st.stm32cube.ide.mcu.externaltools.gnu-tools-for-stm32.12.3.rel1.win32_1.0.200.202406191623/tools/bin/../lib/gcc/arm-none-eabi/12.3.1/../../../../arm-none-eabi/lib/thumb/v7e-m+dp/hard\libc_nano.a(libc_a-nano-vfprintf_float.o)
                              (_printf_float)
C:/ST/STM32CubeIDE_1.16.1/STM32CubeIDE/plugins/com.st.stm32cube.ide.mcu.externaltools.gnu-tools-for-stm32.12.3.rel1.win32_1.0.200.202406191623/tools/bin/../lib/gcc/arm-none-eabi/12.3.1/../../../../arm-none-eabi/lib/thumb/v7e-m+dp/hard\libc_nano.a(libc_a-nano-vfprintf_i.o)
                              C:/ST/STM32CubeIDE_1.16.1/STM32CubeIDE/plugins/com.st.stm32cube.ide.mcu.externaltools.gnu-tools-for-stm32.12.3.rel1.win32_1.0.200.202406191623/tools/bin/../lib/gcc/arm-none-eabi/12.3.1/../../../../arm-none-eabi/lib/thumb/v7e-m+dp/hard\libc_nano.a(libc_a-nano-vfprintf_float.o) (_printf_common)
C:/ST/STM32CubeIDE_1.16.1/STM32CubeIDE/plugins/com.st.stm32cube.ide.mcu.externaltools.gnu-tools-for-stm32.12.3.rel1.win32_1.0.200.202406191623/tools/bin/../lib/gcc/arm-none-eabi/12.3.1/../../../../arm-none-eabi/lib/thumb/v7e-m+dp/hard\libc_nano.a(libc_a-nano-vfscanf_float.o)
                              (_scanf_float)
C:/ST/STM32CubeIDE_1.16.1/STM32CubeIDE/plugins/com.st.stm32cube.ide.mcu.externaltools.gnu-tools-for-stm32.12.3.rel1.win32_1.0.200.202406191623/tools/bin/../lib/gcc/arm-none-eabi/12.3.1/../../../../arm-none-eabi/lib/thumb/v7e-m+dp/hard\libc_nano.a(libc_a-findfp.o)
                              C:/ST/STM32CubeIDE_1.16.1/STM32CubeIDE/plugins/com.st.stm32cube.ide.mcu.externaltools.gnu-tools-for-stm32.12.3.rel1.win32_1.0.200.202406191623/tools/bin/../lib/gcc/arm-none-eabi/12.3.1/../../../../arm-none-eabi/lib/thumb/v7e-m+dp/hard\libc_nano.a(libc_a-exit.o) (__stdio_exit_handler)
C:/ST/STM32CubeIDE_1.16.1/STM32CubeIDE/plugins/com.st.stm32cube.ide.mcu.externaltools.gnu-tools-for-stm32.12.3.rel1.win32_1.0.200.202406191623/tools/bin/../lib/gcc/arm-none-eabi/12.3.1/../../../../arm-none-eabi/lib/thumb/v7e-m+dp/hard\libc_nano.a(libc_a-fwalk.o)
                              C:/ST/STM32CubeIDE_1.16.1/STM32CubeIDE/plugins/com.st.stm32cube.ide.mcu.externaltools.gnu-tools-for-stm32.12.3.rel1.win32_1.0.200.202406191623/tools/bin/../lib/gcc/arm-none-eabi/12.3.1/../../../../arm-none-eabi/lib/thumb/v7e-m+dp/hard\libc_nano.a(libc_a-findfp.o) (_fwalk_sglue)
C:/ST/STM32CubeIDE_1.16.1/STM32CubeIDE/plugins/com.st.stm32cube.ide.mcu.externaltools.gnu-tools-for-stm32.12.3.rel1.win32_1.0.200.202406191623/tools/bin/../lib/gcc/arm-none-eabi/12.3.1/../../../../arm-none-eabi/lib/thumb/v7e-m+dp/hard\libc_nano.a(libc_a-snprintf.o)
                              ./Core/Src/main.o (snprintf)
C:/ST/STM32CubeIDE_1.16.1/STM32CubeIDE/plugins/com.st.stm32cube.ide.mcu.externaltools.gnu-tools-for-stm32.12.3.rel1.win32_1.0.200.202406191623/tools/bin/../lib/gcc/arm-none-eabi/12.3.1/../../../../arm-none-eabi/lib/thumb/v7e-m+dp/hard\libc_nano.a(libc_a-sprintf.o)
                              ./Core/Src/main.o (sprintf)
[...]
Memory Configuration

Name             Origin             Length             Attributes
RAM_D1           0x24000000         0x00080000         xrw
FLASH            0x08000000         0x00100000         xr
DTCMRAM          0x20000000         0x00020000         xrw
RAM_D2           0x30000000         0x00048000         xrw
RAM_D3           0x38000000         0x00010000         xrw
ITCMRAM          0x00000000         0x00010000         xrw
*default*        0x00000000         0xffffffff

Linker script and memory map

LOAD C:/ST/STM32CubeIDE_1.16.1/STM32CubeIDE/plugins/com.st.stm32cube.ide.mcu.externaltools.gnu-tools-for-stm32.12.3.rel1.win32_1.0.200.202406191623/tools/bin/../lib/gcc/arm-none-eabi/12.3.1/thumb/v7e-m+dp/hard/crti.o
LOAD C:/ST/STM32CubeIDE_1.16.1/STM32CubeIDE/plugins/com.st.stm32cube.ide.mcu.externaltools.gnu-tools-for-stm32.12.3.rel1.win32_1.0.200.202406191623/tools/bin/../lib/gcc/arm-none-eabi/12.3.1/thumb/v7e-m+dp/hard/crtbegin.o
LOAD C:/ST/STM32CubeIDE_1.16.1/STM32CubeIDE/plugins/com.st.stm32cube.ide.mcu.externaltools.gnu-tools-for-stm32.12.3.rel1.win32_1.0.200.202406191623/tools/bin/../lib/gcc/arm-none-eabi/12.3.1/../../../../arm-none-eabi/lib/thumb/v7e-m+dp/hard/crt0.o
LOAD ./Common/Src/system_stm32h7xx_dualcore_boot_cm4_cm7.o
LOAD ./Core/Src/adc.o
LOAD ./Core/Src/gpio.o
LOAD ./Core/Src/main.o
LOAD ./Core/Src/stm32h7xx_hal_msp.o
LOAD ./Core/Src/stm32h7xx_it.o
LOAD ./Core/Src/syscalls.o
LOAD ./Core/Src/sysmem.o
LOAD ./Core/Src/tim.o
LOAD ./Core/Src/usart.o
LOAD ./Core/Startup/startup_stm32h755zitx.o
LOAD ./Drivers/STM32H7xx_HAL_Driver/stm32h7xx_hal.o
LOAD ./Drivers/STM32H7xx_HAL_Driver/stm32h7xx_hal_adc.o
LOAD ./Drivers/STM32H7xx_HAL_Driver/stm32h7xx_hal_adc_ex.o
LOAD ./Drivers/STM32H7xx_HAL_Driver/stm32h7xx_hal_cortex.o
LOAD ./Drivers/STM32H7xx_HAL_Driver/stm32h7xx_hal_dma.o
LOAD ./Drivers/STM32H7xx_HAL_Driver/stm32h7xx_hal_dma_ex.o
LOAD ./Drivers/STM32H7xx_HAL_Driver/stm32h7xx_hal_exti.o
LOAD ./Drivers/STM32H7xx_HAL_Driver/stm32h7xx_hal_flash.o
LOAD ./Drivers/STM32H7xx_HAL_Driver/stm32h7xx_hal_flash_ex.o
LOAD ./Drivers/STM32H7xx_HAL_Driver/stm32h7xx_hal_gpio.o
LOAD ./Drivers/STM32H7xx_HAL_Driver/stm32h7xx_hal_hsem.o
LOAD ./Drivers/STM32H7xx_HAL_Driver/stm32h7xx_hal_i2c.o
LOAD ./Drivers/STM32H7xx_HAL_Driver/stm32h7xx_hal_i2c_ex.o
LOAD ./Drivers/STM32H7xx_HAL_Driver/stm32h7xx_hal_mdma.o
LOAD ./Drivers/STM32H7xx_HAL_Driver/stm32h7xx_hal_pwr.o
LOAD ./Drivers/STM32H7xx_HAL_Driver/stm32h7xx_hal_pwr_ex.o
LOAD ./Drivers/STM32H7xx_HAL_Driver/stm32h7xx_hal_rcc.o
LOAD ./Drivers/STM32H7xx_HAL_Driver/stm32h7xx_hal_rcc_ex.o
LOAD ./Drivers/STM32H7xx_HAL_Driver/stm32h7xx_hal_tim.o
LOAD ./Drivers/STM32H7xx_HAL_Driver/stm32h7xx_hal_tim_ex.o
LOAD ./Drivers/STM32H7xx_HAL_Driver/stm32h7xx_hal_uart.o
LOAD ./Drivers/STM32H7xx_HAL_Driver/stm32h7xx_hal_uart_ex.o
START GROUP
LOAD C:/ST/STM32CubeIDE_1.16.1/STM32CubeIDE/plugins/com.st.stm32cube.ide.mcu.externaltools.gnu-tools-for-stm32.12.3.rel1.win32_1.0.200.202406191623/tools/bin/../lib/gcc/arm-none-eabi/12.3.1/../../../../arm-none-eabi/lib/thumb/v7e-m+dp/hard\libc_nano.a
LOAD C:/ST/STM32CubeIDE_1.16.1/STM32CubeIDE/plugins/com.st.stm32cube.ide.mcu.externaltools.gnu-tools-for-stm32.12.3.rel1.win32_1.0.200.202406191623/tools/bin/../lib/gcc/arm-none-eabi/12.3.1/../../../../arm-none-eabi/lib/thumb/v7e-m+dp/hard\libm.a
END GROUP
START GROUP
LOAD C:/ST/STM32CubeIDE_1.16.1/STM32CubeIDE/plugins/com.st.stm32cube.ide.mcu.externaltools.gnu-tools-for-stm32.12.3.rel1.win32_1.0.200.202406191623/tools/bin/../lib/gcc/arm-none-eabi/12.3.1/thumb/v7e-m+dp/hard\libgcc.a
LOAD C:/ST/STM32CubeIDE_1.16.1/STM32CubeIDE/plugins/com.st.stm32cube.ide.mcu.externaltools.gnu-tools-for-stm32.12.3.rel1.win32_1.0.200.202406191623/tools/bin/../lib/gcc/arm-none-eabi/12.3.1/../../../../arm-none-eabi/lib/thumb/v7e-m+dp/hard\libc_nano.a
END GROUP
START GROUP
LOAD C:/ST/STM32CubeIDE_1.16.1/STM32CubeIDE/plugins/com.st.stm32cube.ide.mcu.externaltools.gnu-tools-for-stm32.12.3.rel1.win32_1.0.200.202406191623/tools/bin/../lib/gcc/arm-none-eabi/12.3.1/thumb/v7e-m+dp/hard\libgcc.a
LOAD C:/ST/STM32CubeIDE_1.16.1/STM32CubeIDE/plugins/com.st.stm32cube.ide.mcu.externaltools.gnu-tools-for-stm32.12.3.rel1.win32_1.0.200.202406191623/tools/bin/../lib/gcc/arm-none-eabi/12.3.1/../../../../arm-none-eabi/lib/thumb/v7e-m+dp/hard\libc_nano.a
LOAD C:/ST/STM32CubeIDE_1.16.1/STM32CubeIDE/plugins/com.st.stm32cube.ide.mcu.externaltools.gnu-tools-for-stm32.12.3.rel1.win32_1.0.200.202406191623/tools/bin/../lib/gcc/arm-none-eabi/12.3.1/../../../../arm-none-eabi/lib/thumb/v7e-m+dp/hard\libnosys.a
END GROUP
START GROUP
LOAD C:/ST/STM32CubeIDE_1.16.1/STM32CubeIDE/plugins/com.st.stm32cube.ide.mcu.externaltools.gnu-tools-for-stm32.12.3.rel1.win32_1.0.200.202406191623/tools/bin/../lib/gcc/arm-none-eabi/12.3.1/thumb/v7e-m+dp/hard\libgcc.a
LOAD C:/ST/STM32CubeIDE_1.16.1/STM32CubeIDE/plugins/com.st.stm32cube.ide.mcu.externaltools.gnu-tools-for-stm32.12.3.rel1.win32_1.0.200.202406191623/tools/bin/../lib/gcc/arm-none-eabi/12.3.1/../../../../arm-none-eabi/lib/thumb/v7e-m+dp/hard\libc_nano.a
LOAD C:/ST/STM32CubeIDE_1.16.1/STM32CubeIDE/plugins/com.st.stm32cube.ide.mcu.externaltools.gnu-tools-for-stm32.12.3.rel1.win32_1.0.200.202406191623/tools/bin/../lib/gcc/arm-none-eabi/12.3.1/../../../../arm-none-eabi/lib/thumb/v7e-m+dp/hard\libnosys.a
END GROUP
LOAD C:/ST/STM32CubeIDE_1.16.1/STM32CubeIDE/plugins/com.st.stm32cube.ide.mcu.externaltools.gnu-tools-for-stm32.12.3.rel1.win32_1.0.200.202406191623/tools/bin/../lib/gcc/arm-none-eabi/12.3.1/thumb/v7e-m+dp/hard/crtend.o
LOAD C:/ST/STM32CubeIDE_1.16.1/STM32CubeIDE/plugins/com.st.stm32cube.ide.mcu.externaltools.gnu-tools-for-stm32.12.3.rel1.win32_1.0.200.202406191623/tools/bin/../lib/gcc/arm-none-eabi/12.3.1/thumb/v7e-m+dp/hard/crtn.o
                0x24080000                        _estack = (ORIGIN (RAM_D1) + LENGTH (RAM_D1))
                0x00000200                        _Min_Heap_Size = 0x200
                0x00000400                        _Min_Stack_Size = 0x400

.isr_vector     0x08000000      0x298
                0x08000000                        . = ALIGN (0x4)
 *(.isr_vector)
 .isr_vector    0x08000000      0x298 ./Core/Startup/startup_stm32h755zitx.o
                0x08000000                g_pfnVectors
                0x08000298                        . = ALIGN (0x4)

.text           0x080002a0    0x13360
                0x080002a0                        . = ALIGN (0x4)
 *(.text)
 .text          0x080002a0       0x40 C:/ST/STM32CubeIDE_1.16.1/STM32CubeIDE/plugins/com.st.stm32cube.ide.mcu.externaltools.gnu-tools-for-stm32.12.3.rel1.win32_1.0.200.202406191623/tools/bin/../lib/gcc/arm-none-eabi/12.3.1/thumb/v7e-m+dp/hard/crtbegin.o
 .text          0x080002e0       0x14 C:/ST/STM32CubeIDE_1.16.1/STM32CubeIDE/plugins/com.st.stm32cube.ide.mcu.externaltools.gnu-tools-for-stm32.12.3.rel1.win32_1.0.200.202406191623/tools/bin/../lib/gcc/arm-none-eabi/12.3.1/../../../../arm-none-eabi/lib/thumb/v7e-m+dp/hard\libc_nano.a(libc_a-strcmp.o)
                0x080002e0                strcmp
 *fill*         0x080002f4        0xc 
 .text          0x08000300       0xa0 C:/ST/STM32CubeIDE_1.16.1/STM32CubeIDE/plugins/com.st.stm32cube.ide.mcu.externaltools.gnu-tools-for-stm32.12.3.rel1.win32_1.0.200.202406191623/tools/bin/../lib/gcc/arm-none-eabi/12.3.1/../../../../arm-none-eabi/lib/thumb/v7e-m+dp/hard\libc_nano.a(libc_a-memchr.o)
                0x08000300                memchr
 .text          0x080003a0       0x10 C:/ST/STM32CubeIDE_1.16.1/STM32CubeIDE/plugins/com.st.stm32cube.ide.mcu.externaltools.gnu-tools-for-stm32.12.3.rel1.win32_1.0.200.202406191623/tools/bin/../lib/gcc/arm-none-eabi/12.3.1/../../../../arm-none-eabi/lib/thumb/v7e-m+dp/hard\libc_nano.a(libc_a-strlen.o)
                0x080003a0                strlen
 .text          0x080003b0      0x378 C:/ST/STM32CubeIDE_1.16.1/STM32CubeIDE/plugins/com.st.stm32cube.ide.mcu.externaltools.gnu-tools-for-stm32.12.3.rel1.win32_1.0.200.202406191623/tools/bin/../lib/gcc/arm-none-eabi/12.3.1/thumb/v7e-m+dp/hard\libgcc.a(_arm_addsubdf3.o)
                0x080003b0                __aeabi_drsub
                0x080003b8                __aeabi_dsub
                0x080003b8                __subdf3
                0x080003bc                __aeabi_dadd
                0x080003bc                __adddf3
                0x08000634                __floatunsidf
                0x08000634                __aeabi_ui2d
                0x08000654                __floatsidf
                0x08000654                __aeabi_i2d
                0x08000678                __aeabi_f2d
                0x08000678                __extendsfdf2
                0x080006bc                __floatundidf
                0x080006bc                __aeabi_ul2d
                0x080006cc                __floatdidf
                0x080006cc                __aeabi_l2d
 .text          0x08000728       0x30 C:/ST/STM32CubeIDE_1.16.1/STM32CubeIDE/plugins/com.st.stm32cube.ide.mcu.externaltools.gnu-tools-for-stm32.12.3.rel1.win32_1.0.200.202406191623/tools/bin/../lib/gcc/arm-none-eabi/12.3.1/thumb/v7e-m+dp/hard\libgcc.a(_aeabi_uldivmod.o)
                0x08000728                __aeabi_uldivmod
 .text          0x08000758       0x30 C:/ST/STM32CubeIDE_1.16.1/STM32CubeIDE/plugins/com.st.stm32cube.ide.mcu.externaltools.gnu-tools-for-stm32.12.3.rel1.win32_1.0.200.202406191623/tools/bin/../lib/gcc/arm-none-eabi/12.3.1/thumb/v7e-m+dp/hard\libgcc.a(_fixdfdi.o)
                0x08000758                __fixdfdi
                0x08000758                __aeabi_d2lz
 .text          0x08000788       0x40 C:/ST/STM32CubeIDE_1.16.1/STM32CubeIDE/plugins/com.st.stm32cube.ide.mcu.externaltools.gnu-tools-for-stm32.12.3.rel1.win32_1.0.200.202406191623/tools/bin/../lib/gcc/arm-none-eabi/12.3.1/thumb/v7e-m+dp/hard\libgcc.a(_fixunsdfdi.o)
                0x08000788                __fixunsdfdi
                0x08000788                __aeabi_d2ulz
 .text          0x080007c8      0x2bc C:/ST/STM32CubeIDE_1.16.1/STM32CubeIDE/plugins/com.st.stm32cube.ide.mcu.externaltools.gnu-tools-for-stm32.12.3.rel1.win32_1.0.200.202406191623/tools/bin/../lib/gcc/arm-none-eabi/12.3.1/thumb/v7e-m+dp/hard\libgcc.a(_udivmoddi4.o)
                0x080007c8                __udivmoddi4
 .text          0x08000a84        0x4 C:/ST/STM32CubeIDE_1.16.1/STM32CubeIDE/plugins/com.st.stm32cube.ide.mcu.externaltools.gnu-tools-for-stm32.12.3.rel1.win32_1.0.200.202406191623/tools/bin/../lib/gcc/arm-none-eabi/12.3.1/thumb/v7e-m+dp/hard\libgcc.a(_dvmd_tls.o)
                0x08000a84                __aeabi_idiv0
                0x08000a84                __aeabi_ldiv0
 *(.text*)
 .text.SystemInit
                0x08000a88      0x12c ./Common/Src/system_stm32h7xx_dualcore_boot_cm4_cm7.o
                0x08000a88                SystemInit
 .text.MX_ADC1_Init
                0x08000bb4      0x108 ./Core/Src/adc.o
                0x08000bb4                MX_ADC1_Init
 .text.HAL_ADC_MspInit
                0x08000cbc       0x8c ./Core/Src/adc.o
                0x08000cbc                HAL_ADC_MspInit
 .text.MX_GPIO_Init
                0x08000d48      0x1a0 ./Core/Src/gpio.o
                0x08000d48                MX_GPIO_Init
 .text.select_port
                0x08000ee8       0x84 ./Core/Src/main.o
                0x08000ee8                select_port
 .text.pins_restricted
                0x08000f6c       0x2e ./Core/Src/main.o
                0x08000f6c                pins_restricted
 *fill*         0x08000f9a        0x2 
 .text.start_GPIO_CLK
                0x08000f9c      0x128 ./Core/Src/main.o
                0x08000f9c                start_GPIO_CLK
 .text.print    0x080010c4       0x2c ./Core/Src/main.o
                0x080010c4                print
 .text.start_scan
                0x080010f0       0x20 ./Core/Src/main.o
                0x080010f0                start_scan
 .text.upperCase
                0x08001110       0x60 ./Core/Src/main.o
                0x08001110                upperCase
 .text.validate
                0x08001170      0x298 ./Core/Src/main.o
                0x08001170                validate
 .text.identify
                0x08001408      0xc30 ./Core/Src/main.o
                0x08001408                identify
 .text.list     0x08002038      0x2bc ./Core/Src/main.o
                0x08002038                list
 .text.check_state
                0x080022f4       0x48 ./Core/Src/main.o
                0x080022f4                check_state
 .text.parse    0x0800233c       0xb8 ./Core/Src/main.o
                0x0800233c                parse
 .text.enable   0x080023f4       0x9c ./Core/Src/main.o
                0x080023f4                enable
 .text.execute  0x08002490     0x10c4 ./Core/Src/main.o
                0x08002490                execute
 *fill*         0x08003554        0x4 
 .text.read     0x08003558      0x1a4 ./Core/Src/main.o
                0x08003558                read
 .text.main_loop
                0x080036fc      0x198 ./Core/Src/main.o
                0x080036fc                main_loop
 .text.state_machine
                0x08003894      0x13c ./Core/Src/main.o
                0x08003894                state_machine
 .text.main     0x080039d0       0xb4 ./Core/Src/main.o
                0x080039d0                main
 .text.SystemClock_Config
                0x08003a84       0xd4 ./Core/Src/main.o
                0x08003a84                SystemClock_Config
 .text.HAL_UARTEx_RxEventCallback
                0x08003b58      0x264 ./Core/Src/main.o
                0x08003b58                HAL_UARTEx_RxEventCallback
 .text.HAL_TIM_PeriodElapsedCallback
                0x08003dbc       0x2c ./Core/Src/main.o
                0x08003dbc                HAL_TIM_PeriodElapsedCallback
 .text.HAL_GPIO_EXTI_Callback
                0x08003de8       0xbc ./Core/Src/main.o
                0x08003de8                HAL_GPIO_EXTI_Callback
 .text.Error_Handler
                0x08003ea4        0xc ./Core/Src/main.o
                0x08003ea4                Error_Handler
 .text.HAL_MspInit
                0x08003eb0       0x34 ./Core/Src/stm32h7xx_hal_msp.o
                0x08003eb0                HAL_MspInit
 .text.NMI_Handler
                0x08003ee4        0x8 ./Core/Src/stm32h7xx_it.o
                0x08003ee4                NMI_Handler
 .text.HardFault_Handler
                0x08003eec        0x8 ./Core/Src/stm32h7xx_it.o
                0x08003eec                HardFault_Handler
 .text.MemManage_Handler
                0x08003ef4        0x8 ./Core/Src/stm32h7xx_it.o
                0x08003ef4                MemManage_Handler
 .text.BusFault_Handler
                0x08003efc        0x8 ./Core/Src/stm32h7xx_it.o
                0x08003efc                BusFault_Handler
 .text.UsageFault_Handler
                0x08003f04        0x8 ./Core/Src/stm32h7xx_it.o
                0x08003f04                UsageFault_Handler
 .text.SVC_Handler
                0x08003f0c        0xe ./Core/Src/stm32h7xx_it.o
                0x08003f0c                SVC_Handler
 .text.DebugMon_Handler
                0x08003f1a        0xe ./Core/Src/stm32h7xx_it.o
                0x08003f1a                DebugMon_Handler
 .text.PendSV_Handler
                0x08003f28        0xe ./Core/Src/stm32h7xx_it.o
                0x08003f28                PendSV_Handler
 .text.SysTick_Handler
                0x08003f36        0xc ./Core/Src/stm32h7xx_it.o
                0x08003f36                SysTick_Handler
 *fill*         0x08003f42        0x2 
 .text.TIM3_IRQHandler
                0x08003f44       0x14 ./Core/Src/stm32h7xx_it.o
                0x08003f44                TIM3_IRQHandler
 .text.USART3_IRQHandler
                0x08003f58       0x14 ./Core/Src/stm32h7xx_it.o
                0x08003f58                USART3_IRQHandler
 .text.EXTI15_10_IRQHandler
                0x08003f6c       0x10 ./Core/Src/stm32h7xx_it.o
                0x08003f6c                EXTI15_10_IRQHandler
 .text.TIM6_DAC_IRQHandler
                0x08003f7c       0x14 ./Core/Src/stm32h7xx_it.o
                0x08003f7c                TIM6_DAC_IRQHandler
 .text._getpid  0x08003f90       0x10 ./Core/Src/syscalls.o
                0x08003f90                _getpid
 .text._kill    0x08003fa0       0x20 ./Core/Src/syscalls.o
                0x08003fa0                _kill
 .text._exit    0x08003fc0       0x16 ./Core/Src/syscalls.o
                0x08003fc0                _exit
 .text._read    0x08003fd6       0x3a ./Core/Src/syscalls.o
                0x08003fd6                _read
 .text._write   0x08004010       0x38 ./Core/Src/syscalls.o
                0x08004010                _write
 .text._close   0x08004048       0x18 ./Core/Src/syscalls.o
                0x08004048                _close
 .text._fstat   0x08004060       0x20 ./Core/Src/syscalls.o
                0x08004060                _fstat
 .text._isatty  0x08004080       0x16 ./Core/Src/syscalls.o
                0x08004080                _isatty
 .text._lseek   0x08004096       0x1a ./Core/Src/syscalls.o
                0x08004096                _lseek
 .text._sbrk    0x080040b0       0x6c ./Core/Src/sysmem.o
                0x080040b0                _sbrk
 .text.MX_TIM3_Init
                0x0800411c       0xe8 ./Core/Src/tim.o
                0x0800411c                MX_TIM3_Init
 .text.MX_TIM6_Init
                0x08004204       0x70 ./Core/Src/tim.o
                0x08004204                MX_TIM6_Init
 .text.HAL_TIM_PWM_MspInit
                0x08004274       0x50 ./Core/Src/tim.o
                0x08004274                HAL_TIM_PWM_MspInit
 .text.HAL_TIM_Base_MspInit
                0x080042c4       0x50 ./Core/Src/tim.o
                0x080042c4                HAL_TIM_Base_MspInit
 .text.HAL_TIM_MspPostInit
                0x08004314       0xf8 ./Core/Src/tim.o
                0x08004314                HAL_TIM_MspPostInit
 .text.MX_USART3_UART_Init
                0x0800440c       0x98 ./Core/Src/usart.o
                0x0800440c                MX_USART3_UART_Init
 .text.HAL_UART_MspInit
                0x080044a4       0xe4 ./Core/Src/usart.o
                0x080044a4                HAL_UART_MspInit
 .text.Reset_Handler
                0x08004588       0x50 ./Core/Startup/startup_stm32h755zitx.o
                0x08004588                Reset_Handler
 .text.Default_Handler
                0x080045d8        0x2 ./Core/Startup/startup_stm32h755zitx.o
                0x080045d8                RTC_Alarm_IRQHandler
                0x080045d8                HASH_RNG_IRQHandler
                0x080045d8                EXTI2_IRQHandler
                0x080045d8                TIM8_CC_IRQHandler
                0x080045d8                HRTIM1_Master_IRQHandler
                0x080045d8                UART8_IRQHandler
                0x080045d8                SPI4_IRQHandler
                0x080045d8                TIM1_CC_IRQHandler
                0x080045d8                BDMA_Channel6_IRQHandler
                0x080045d8                DMA2_Stream5_IRQHandler
                0x080045d8                HRTIM1_FLT_IRQHandler
                0x080045d8                JPEG_IRQHandler
                0x080045d8                DMA1_Stream5_IRQHandler
                0x080045d8                BDMA_Channel1_IRQHandler
                0x080045d8                HRTIM1_TIMD_IRQHandler
                0x080045d8                TAMP_STAMP_IRQHandler
                0x080045d8                EXTI3_IRQHandler
                0x080045d8                LPTIM4_IRQHandler
                0x080045d8                TIM8_TRG_COM_TIM14_IRQHandler
                0x080045d8                LPTIM2_IRQHandler
                0x080045d8                DFSDM1_FLT1_IRQHandler
                0x080045d8                DMAMUX2_OVR_IRQHandler
                0x080045d8                TIM8_UP_TIM13_IRQHandler
                0x080045d8                I2C3_ER_IRQHandler
                0x080045d8                DFSDM1_FLT2_IRQHandler
                0x080045d8                MDMA_IRQHandler
                0x080045d8                LPTIM3_IRQHandler
                0x080045d8                HSEM1_IRQHandler
                0x080045d8                EXTI0_IRQHandler
                0x080045d8                I2C2_EV_IRQHandler
                0x080045d8                DMA1_Stream2_IRQHandler
                0x080045d8                FPU_IRQHandler
                0x080045d8                OTG_HS_WKUP_IRQHandler
                0x080045d8                FDCAN1_IT1_IRQHandler
                0x080045d8                LTDC_ER_IRQHandler
                0x080045d8                DMA2_Stream2_IRQHandler
                0x080045d8                HRTIM1_TIME_IRQHandler
                0x080045d8                SPI1_IRQHandler
                0x080045d8                DCMI_IRQHandler
                0x080045d8                HRTIM1_TIMC_IRQHandler
                0x080045d8                DMA2_Stream3_IRQHandler
                0x080045d8                SAI2_IRQHandler
                0x080045d8                DFSDM1_FLT3_IRQHandler
                0x080045d8                USART6_IRQHandler
                0x080045d8                TIM17_IRQHandler
                0x080045d8                BDMA_Channel7_IRQHandler
                0x080045d8                CRYP_IRQHandler
                0x080045d8                LPTIM5_IRQHandler
                0x080045d8                UART5_IRQHandler
                0x080045d8                ADC3_IRQHandler
                0x080045d8                DMA2_Stream0_IRQHandler
                0x080045d8                TIM4_IRQHandler
                0x080045d8                BDMA_Channel2_IRQHandler
                0x080045d8                QUADSPI_IRQHandler
                0x080045d8                I2C1_EV_IRQHandler
                0x080045d8                DMA1_Stream6_IRQHandler
                0x080045d8                DMAMUX1_OVR_IRQHandler
                0x080045d8                DMA1_Stream1_IRQHandler
                0x080045d8                TIM16_IRQHandler
                0x080045d8                UART4_IRQHandler
                0x080045d8                BDMA_Channel5_IRQHandler
                0x080045d8                RCC_IRQHandler
                0x080045d8                TIM8_BRK_TIM12_IRQHandler
                0x080045d8                TIM1_TRG_COM_IRQHandler
                0x080045d8                Default_Handler
                0x080045d8                ECC_IRQHandler
                0x080045d8                CEC_IRQHandler
                0x080045d8                BDMA_Channel0_IRQHandler
                0x080045d8                ADC_IRQHandler
                0x080045d8                DMA1_Stream7_IRQHandler
                0x080045d8                HRTIM1_TIMA_IRQHandler
                0x080045d8                SPI5_IRQHandler
                0x080045d8                TIM7_IRQHandler
                0x080045d8                SDMMC1_IRQHandler
                0x080045d8                TIM5_IRQHandler
                0x080045d8                DMA2_Stream7_IRQHandler
                0x080045d8                TIM15_IRQHandler
                0x080045d8                PVD_AVD_IRQHandler
                0x080045d8                I2C3_EV_IRQHandler
                0x080045d8                EXTI9_5_IRQHandler
                0x080045d8                RTC_WKUP_IRQHandler
                0x080045d8                LTDC_IRQHandler
                0x080045d8                SAI3_IRQHandler
                0x080045d8                ETH_WKUP_IRQHandler
                0x080045d8                SPDIF_RX_IRQHandler
                0x080045d8                SPI2_IRQHandler
                0x080045d8                OTG_HS_EP1_IN_IRQHandler
                0x080045d8                DMA1_Stream0_IRQHandler
                0x080045d8                CRS_IRQHandler
                0x080045d8                CM7_SEV_IRQHandler
                0x080045d8                EXTI4_IRQHandler
                0x080045d8                CM4_SEV_IRQHandler
                0x080045d8                HRTIM1_TIMB_IRQHandler
                0x080045d8                FDCAN2_IT1_IRQHandler
                0x080045d8                ETH_IRQHandler
                0x080045d8                TIM1_UP_IRQHandler
                0x080045d8                WWDG_RST_IRQHandler
                0x080045d8                BDMA_Channel4_IRQHandler
                0x080045d8                OTG_HS_EP1_OUT_IRQHandler
                0x080045d8                WWDG_IRQHandler
                0x080045d8                SPI6_IRQHandler
                0x080045d8                MDIOS_IRQHandler
                0x080045d8                I2C4_EV_IRQHandler
                0x080045d8                FDCAN2_IT0_IRQHandler
                0x080045d8                LPUART1_IRQHandler
                0x080045d8                FDCAN1_IT0_IRQHandler
                0x080045d8                TIM2_IRQHandler
                0x080045d8                OTG_FS_WKUP_IRQHandler
                0x080045d8                OTG_HS_IRQHandler
                0x080045d8                HSEM2_IRQHandler
                0x080045d8                DMA2D_IRQHandler
                0x080045d8                TIM1_BRK_IRQHandler
                0x080045d8                EXTI1_IRQHandler
                0x080045d8                SDMMC2_IRQHandler
                0x080045d8                OTG_FS_EP1_OUT_IRQHandler
                0x080045d8                BDMA_Channel3_IRQHandler
                0x080045d8                HOLD_CORE_IRQHandler
                0x080045d8                UART7_IRQHandler
                0x080045d8                MDIOS_WKUP_IRQHandler
                0x080045d8                USART2_IRQHandler
                0x080045d8                DFSDM1_FLT0_IRQHandler
                0x080045d8                SAI4_IRQHandler
                0x080045d8                I2C2_ER_IRQHandler
                0x080045d8                DMA2_Stream1_IRQHandler
                0x080045d8                FLASH_IRQHandler
                0x080045d8                DMA2_Stream4_IRQHandler
                0x080045d8                USART1_IRQHandler
                0x080045d8                OTG_FS_IRQHandler
                0x080045d8                SPI3_IRQHandler
                0x080045d8                WAKEUP_PIN_IRQHandler
                0x080045d8                DMA1_Stream4_IRQHandler
                0x080045d8                OTG_FS_EP1_IN_IRQHandler
                0x080045d8                I2C1_ER_IRQHandler
                0x080045d8                FMC_IRQHandler
                0x080045d8                FDCAN_CAL_IRQHandler
                0x080045d8                SWPMI1_IRQHandler
                0x080045d8                COMP1_IRQHandler
                0x080045d8                LPTIM1_IRQHandler
                0x080045d8                I2C4_ER_IRQHandler
                0x080045d8                DMA2_Stream6_IRQHandler
                0x080045d8                SAI1_IRQHandler
                0x080045d8                DMA1_Stream3_IRQHandler
 *fill*         0x080045da        0x2 
 .text.HAL_Init
                0x080045dc       0x78 ./Drivers/STM32H7xx_HAL_Driver/stm32h7xx_hal.o
                0x080045dc                HAL_Init
 .text.HAL_InitTick
                0x08004654       0x6c ./Drivers/STM32H7xx_HAL_Driver/stm32h7xx_hal.o
                0x08004654                HAL_InitTick
 .text.HAL_IncTick
                0x080046c0       0x28 ./Drivers/STM32H7xx_HAL_Driver/stm32h7xx_hal.o
                0x080046c0                HAL_IncTick
 .text.HAL_GetTick
                0x080046e8       0x18 ./Drivers/STM32H7xx_HAL_Driver/stm32h7xx_hal.o
                0x080046e8                HAL_GetTick
 .text.HAL_Delay
                0x08004700       0x48 ./Drivers/STM32H7xx_HAL_Driver/stm32h7xx_hal.o
                0x08004700                HAL_Delay
 .text.HAL_GetREVID
                0x08004748       0x18 ./Drivers/STM32H7xx_HAL_Driver/stm32h7xx_hal.o
                0x08004748                HAL_GetREVID
 .text.LL_ADC_SetCommonClock
                0x08004760       0x26 ./Drivers/STM32H7xx_HAL_Driver/stm32h7xx_hal_adc.o
 .text.LL_ADC_SetCommonPathInternalCh
                0x08004786       0x26 ./Drivers/STM32H7xx_HAL_Driver/stm32h7xx_hal_adc.o
 .text.LL_ADC_GetCommonPathInternalCh
                0x080047ac       0x1c ./Drivers/STM32H7xx_HAL_Driver/stm32h7xx_hal_adc.o
 .text.LL_ADC_SetOffset
                0x080047c8       0x40 ./Drivers/STM32H7xx_HAL_Driver/stm32h7xx_hal_adc.o
 .text.LL_ADC_SetDataRightShift
                0x08004808       0x32 ./Drivers/STM32H7xx_HAL_Driver/stm32h7xx_hal_adc.o
 .text.LL_ADC_SetOffsetSignedSaturation
                0x0800483a       0x36 ./Drivers/STM32H7xx_HAL_Driver/stm32h7xx_hal_adc.o
 .text.LL_ADC_REG_IsTriggerSourceSWStart
                0x08004870       0x26 ./Drivers/STM32H7xx_HAL_Driver/stm32h7xx_hal_adc.o
 .text.LL_ADC_REG_SetSequencerRanks
                0x08004896       0x58 ./Drivers/STM32H7xx_HAL_Driver/stm32h7xx_hal_adc.o
 .text.LL_ADC_SetChannelSamplingTime
                0x080048ee       0x56 ./Drivers/STM32H7xx_HAL_Driver/stm32h7xx_hal_adc.o
 .text.LL_ADC_SetChannelSingleDiff
                0x08004944       0x48 ./Drivers/STM32H7xx_HAL_Driver/stm32h7xx_hal_adc.o
 .text.LL_ADC_GetMultimode
                0x0800498c       0x1c ./Drivers/STM32H7xx_HAL_Driver/stm32h7xx_hal_adc.o
 .text.LL_ADC_GetMultiDMATransfer
                0x080049a8       0x1c ./Drivers/STM32H7xx_HAL_Driver/stm32h7xx_hal_adc.o
 .text.LL_ADC_DisableDeepPowerDown
                0x080049c4       0x24 ./Drivers/STM32H7xx_HAL_Driver/stm32h7xx_hal_adc.o
 .text.LL_ADC_IsDeepPowerDownEnabled
                0x080049e8       0x28 ./Drivers/STM32H7xx_HAL_Driver/stm32h7xx_hal_adc.o
 .text.LL_ADC_EnableInternalRegulator
                0x08004a10       0x28 ./Drivers/STM32H7xx_HAL_Driver/stm32h7xx_hal_adc.o
 .text.LL_ADC_IsInternalRegulatorEnabled
                0x08004a38       0x28 ./Drivers/STM32H7xx_HAL_Driver/stm32h7xx_hal_adc.o
 .text.LL_ADC_Enable
                0x08004a60       0x28 ./Drivers/STM32H7xx_HAL_Driver/stm32h7xx_hal_adc.o
 .text.LL_ADC_Disable
                0x08004a88       0x28 ./Drivers/STM32H7xx_HAL_Driver/stm32h7xx_hal_adc.o
 .text.LL_ADC_IsEnabled
                0x08004ab0       0x26 ./Drivers/STM32H7xx_HAL_Driver/stm32h7xx_hal_adc.o
 .text.LL_ADC_IsDisableOngoing
                0x08004ad6       0x26 ./Drivers/STM32H7xx_HAL_Driver/stm32h7xx_hal_adc.o
 .text.LL_ADC_REG_StartConversion
                0x08004afc       0x28 ./Drivers/STM32H7xx_HAL_Driver/stm32h7xx_hal_adc.o
 .text.LL_ADC_REG_StopConversion
                0x08004b24       0x28 ./Drivers/STM32H7xx_HAL_Driver/stm32h7xx_hal_adc.o
 .text.LL_ADC_REG_IsConversionOngoing
                0x08004b4c       0x26 ./Drivers/STM32H7xx_HAL_Driver/stm32h7xx_hal_adc.o
 *fill*         0x08004b72        0x2 
 .text.LL_ADC_INJ_StopConversion
                0x08004b74       0x28 ./Drivers/STM32H7xx_HAL_Driver/stm32h7xx_hal_adc.o
 .text.LL_ADC_INJ_IsConversionOngoing
                0x08004b9c       0x26 ./Drivers/STM32H7xx_HAL_Driver/stm32h7xx_hal_adc.o
 *fill*         0x08004bc2        0x2 
 .text.HAL_ADC_Init
                0x08004bc4      0x344 ./Drivers/STM32H7xx_HAL_Driver/stm32h7xx_hal_adc.o
                0x08004bc4                HAL_ADC_Init
 .text.HAL_ADC_Start
                0x08004f08      0x194 ./Drivers/STM32H7xx_HAL_Driver/stm32h7xx_hal_adc.o
                0x08004f08                HAL_ADC_Start
 .text.HAL_ADC_Stop
                0x0800509c       0x68 ./Drivers/STM32H7xx_HAL_Driver/stm32h7xx_hal_adc.o
                0x0800509c                HAL_ADC_Stop
 .text.HAL_ADC_PollForConversion
                0x08005104      0x1e8 ./Drivers/STM32H7xx_HAL_Driver/stm32h7xx_hal_adc.o
                0x08005104                HAL_ADC_PollForConversion
 .text.HAL_ADC_GetValue
                0x080052ec       0x1a ./Drivers/STM32H7xx_HAL_Driver/stm32h7xx_hal_adc.o
                0x080052ec                HAL_ADC_GetValue
 *fill*         0x08005306        0x2 
 .text.HAL_ADC_ConfigChannel
                0x08005308      0x6b8 ./Drivers/STM32H7xx_HAL_Driver/stm32h7xx_hal_adc.o
                0x08005308                HAL_ADC_ConfigChannel
 .text.ADC_ConversionStop
                0x080059c0      0x178 ./Drivers/STM32H7xx_HAL_Driver/stm32h7xx_hal_adc.o
                0x080059c0                ADC_ConversionStop
 .text.ADC_Enable
                0x08005b38      0x114 ./Drivers/STM32H7xx_HAL_Driver/stm32h7xx_hal_adc.o
                0x08005b38                ADC_Enable
 .text.ADC_Disable
                0x08005c4c       0xbe ./Drivers/STM32H7xx_HAL_Driver/stm32h7xx_hal_adc.o
                0x08005c4c                ADC_Disable
 *fill*         0x08005d0a        0x2 
 .text.ADC_ConfigureBoostMode
                0x08005d0c      0x218 ./Drivers/STM32H7xx_HAL_Driver/stm32h7xx_hal_adc.o
                0x08005d0c                ADC_ConfigureBoostMode
 .text.LL_ADC_IsEnabled
                0x08005f24       0x26 ./Drivers/STM32H7xx_HAL_Driver/stm32h7xx_hal_adc_ex.o
 .text.LL_ADC_REG_IsConversionOngoing
                0x08005f4a       0x26 ./Drivers/STM32H7xx_HAL_Driver/stm32h7xx_hal_adc_ex.o
 .text.HAL_ADCEx_MultiModeConfigChannel
                0x08005f70      0x1bc ./Drivers/STM32H7xx_HAL_Driver/stm32h7xx_hal_adc_ex.o
                0x08005f70                HAL_ADCEx_MultiModeConfigChannel
 .text.__NVIC_SetPriorityGrouping
                0x0800612c       0x48 ./Drivers/STM32H7xx_HAL_Driver/stm32h7xx_hal_cortex.o
 .text.__NVIC_GetPriorityGrouping
                0x08006174       0x1c ./Drivers/STM32H7xx_HAL_Driver/stm32h7xx_hal_cortex.o
 .text.__NVIC_EnableIRQ
                0x08006190       0x3c ./Drivers/STM32H7xx_HAL_Driver/stm32h7xx_hal_cortex.o
 .text.__NVIC_SetPriority
                0x080061cc       0x54 ./Drivers/STM32H7xx_HAL_Driver/stm32h7xx_hal_cortex.o
 .text.NVIC_EncodePriority
                0x08006220       0x66 ./Drivers/STM32H7xx_HAL_Driver/stm32h7xx_hal_cortex.o
 *fill*         0x08006286        0x2 
 .text.SysTick_Config
                0x08006288       0x44 ./Drivers/STM32H7xx_HAL_Driver/stm32h7xx_hal_cortex.o
 .text.HAL_NVIC_SetPriorityGrouping
                0x080062cc       0x16 ./Drivers/STM32H7xx_HAL_Driver/stm32h7xx_hal_cortex.o
                0x080062cc                HAL_NVIC_SetPriorityGrouping
 .text.HAL_NVIC_SetPriority
                0x080062e2       0x34 ./Drivers/STM32H7xx_HAL_Driver/stm32h7xx_hal_cortex.o
                0x080062e2                HAL_NVIC_SetPriority
 .text.HAL_NVIC_EnableIRQ
                0x08006316       0x1c ./Drivers/STM32H7xx_HAL_Driver/stm32h7xx_hal_cortex.o
                0x08006316                HAL_NVIC_EnableIRQ
 .text.HAL_SYSTICK_Config
                0x08006332       0x18 ./Drivers/STM32H7xx_HAL_Driver/stm32h7xx_hal_cortex.o
                0x08006332                HAL_SYSTICK_Config
 *fill*         0x0800634a        0x2 
 .text.HAL_DMA_Abort
                0x0800634c      0x63c ./Drivers/STM32H7xx_HAL_Driver/stm32h7xx_hal_dma.o
                0x0800634c                HAL_DMA_Abort
 .text.HAL_DMA_Abort_IT
                0x08006988      0x48c ./Drivers/STM32H7xx_HAL_Driver/stm32h7xx_hal_dma.o
                0x08006988                HAL_DMA_Abort_IT
 .text.HAL_GPIO_Init
                0x08006e14      0x360 ./Drivers/STM32H7xx_HAL_Driver/stm32h7xx_hal_gpio.o
                0x08006e14                HAL_GPIO_Init
 .text.HAL_GPIO_ReadPin
                0x08007174       0x30 ./Drivers/STM32H7xx_HAL_Driver/stm32h7xx_hal_gpio.o
                0x08007174                HAL_GPIO_ReadPin
 .text.HAL_GPIO_WritePin
                0x080071a4       0x32 ./Drivers/STM32H7xx_HAL_Driver/stm32h7xx_hal_gpio.o
                0x080071a4                HAL_GPIO_WritePin
 .text.HAL_GPIO_TogglePin
                0x080071d6       0x34 ./Drivers/STM32H7xx_HAL_Driver/stm32h7xx_hal_gpio.o
                0x080071d6                HAL_GPIO_TogglePin
 .text.HAL_GPIO_EXTI_IRQHandler
                0x0800720a       0x34 ./Drivers/STM32H7xx_HAL_Driver/stm32h7xx_hal_gpio.o
                0x0800720a                HAL_GPIO_EXTI_IRQHandler
 *fill*         0x0800723e        0x2 
 .text.HAL_HSEM_FastTake
                0x08007240       0x34 ./Drivers/STM32H7xx_HAL_Driver/stm32h7xx_hal_hsem.o
                0x08007240                HAL_HSEM_FastTake
 .text.HAL_HSEM_Release
                0x08007274       0x28 ./Drivers/STM32H7xx_HAL_Driver/stm32h7xx_hal_hsem.o
                0x08007274                HAL_HSEM_Release
 .text.HAL_PWREx_ConfigSupply
                0x0800729c       0xb4 ./Drivers/STM32H7xx_HAL_Driver/stm32h7xx_hal_pwr_ex.o
                0x0800729c                HAL_PWREx_ConfigSupply
 .text.HAL_RCC_OscConfig
                0x08007350      0x8b4 ./Drivers/STM32H7xx_HAL_Driver/stm32h7xx_hal_rcc.o
                0x08007350                HAL_RCC_OscConfig
 .text.HAL_RCC_ClockConfig
                0x08007c04      0x36c ./Drivers/STM32H7xx_HAL_Driver/stm32h7xx_hal_rcc.o
                0x08007c04                HAL_RCC_ClockConfig
 .text.HAL_RCC_GetSysClockFreq
                0x08007f70      0x2f4 ./Drivers/STM32H7xx_HAL_Driver/stm32h7xx_hal_rcc.o
                0x08007f70                HAL_RCC_GetSysClockFreq
 .text.HAL_RCC_GetHCLKFreq
                0x08008264       0x60 ./Drivers/STM32H7xx_HAL_Driver/stm32h7xx_hal_rcc.o
                0x08008264                HAL_RCC_GetHCLKFreq
 .text.HAL_RCC_GetPCLK1Freq
                0x080082c4       0x2c ./Drivers/STM32H7xx_HAL_Driver/stm32h7xx_hal_rcc.o
                0x080082c4                HAL_RCC_GetPCLK1Freq
 .text.HAL_RCC_GetPCLK2Freq
                0x080082f0       0x2c ./Drivers/STM32H7xx_HAL_Driver/stm32h7xx_hal_rcc.o
                0x080082f0                HAL_RCC_GetPCLK2Freq
 .text.HAL_RCCEx_PeriphCLKConfig
                0x0800831c     0x1414 ./Drivers/STM32H7xx_HAL_Driver/stm32h7xx_hal_rcc_ex.o
                0x0800831c                HAL_RCCEx_PeriphCLKConfig
 .text.HAL_RCCEx_GetPeriphCLKFreq
                0x08009730      0xb00 ./Drivers/STM32H7xx_HAL_Driver/stm32h7xx_hal_rcc_ex.o
                0x08009730                HAL_RCCEx_GetPeriphCLKFreq
 .text.HAL_RCCEx_GetD3PCLK1Freq
                0x0800a230       0x2c ./Drivers/STM32H7xx_HAL_Driver/stm32h7xx_hal_rcc_ex.o
                0x0800a230                HAL_RCCEx_GetD3PCLK1Freq
 .text.HAL_RCCEx_GetPLL2ClockFreq
                0x0800a25c      0x2a8 ./Drivers/STM32H7xx_HAL_Driver/stm32h7xx_hal_rcc_ex.o
                0x0800a25c                HAL_RCCEx_GetPLL2ClockFreq
 .text.HAL_RCCEx_GetPLL3ClockFreq
                0x0800a504      0x2a8 ./Drivers/STM32H7xx_HAL_Driver/stm32h7xx_hal_rcc_ex.o
                0x0800a504                HAL_RCCEx_GetPLL3ClockFreq
 .text.HAL_RCCEx_GetPLL1ClockFreq
                0x0800a7ac      0x2a4 ./Drivers/STM32H7xx_HAL_Driver/stm32h7xx_hal_rcc_ex.o
                0x0800a7ac                HAL_RCCEx_GetPLL1ClockFreq
 .text.RCCEx_PLL2_Config
                0x0800aa50      0x164 ./Drivers/STM32H7xx_HAL_Driver/stm32h7xx_hal_rcc_ex.o
 .text.RCCEx_PLL3_Config
                0x0800abb4      0x164 ./Drivers/STM32H7xx_HAL_Driver/stm32h7xx_hal_rcc_ex.o
 .text.HAL_TIM_Base_Init
                0x0800ad18       0xae ./Drivers/STM32H7xx_HAL_Driver/stm32h7xx_hal_tim.o
                0x0800ad18                HAL_TIM_Base_Init
 *fill*         0x0800adc6        0x2 
 .text.HAL_TIM_Base_Start_IT
                0x0800adc8       0xf0 ./Drivers/STM32H7xx_HAL_Driver/stm32h7xx_hal_tim.o
                0x0800adc8                HAL_TIM_Base_Start_IT
 .text.HAL_TIM_Base_Stop_IT
                0x0800aeb8       0x5e ./Drivers/STM32H7xx_HAL_Driver/stm32h7xx_hal_tim.o
                0x0800aeb8                HAL_TIM_Base_Stop_IT
 .text.HAL_TIM_PWM_Init
                0x0800af16       0xae ./Drivers/STM32H7xx_HAL_Driver/stm32h7xx_hal_tim.o
                0x0800af16                HAL_TIM_PWM_Init
 .text.HAL_TIM_PWM_Start
                0x0800afc4      0x21c ./Drivers/STM32H7xx_HAL_Driver/stm32h7xx_hal_tim.o
                0x0800afc4                HAL_TIM_PWM_Start
 .text.HAL_TIM_PWM_Stop
                0x0800b1e0      0x12c ./Drivers/STM32H7xx_HAL_Driver/stm32h7xx_hal_tim.o
                0x0800b1e0                HAL_TIM_PWM_Stop
 .text.HAL_TIM_IRQHandler
                0x0800b30c      0x20e ./Drivers/STM32H7xx_HAL_Driver/stm32h7xx_hal_tim.o
                0x0800b30c                HAL_TIM_IRQHandler
 *fill*         0x0800b51a        0x2 
 .text.HAL_TIM_PWM_ConfigChannel
                0x0800b51c      0x228 ./Drivers/STM32H7xx_HAL_Driver/stm32h7xx_hal_tim.o
                0x0800b51c                HAL_TIM_PWM_ConfigChannel
 .text.HAL_TIM_OC_DelayElapsedCallback
                0x0800b744       0x14 ./Drivers/STM32H7xx_HAL_Driver/stm32h7xx_hal_tim.o
                0x0800b744                HAL_TIM_OC_DelayElapsedCallback
 .text.HAL_TIM_IC_CaptureCallback
                0x0800b758       0x14 ./Drivers/STM32H7xx_HAL_Driver/stm32h7xx_hal_tim.o
                0x0800b758                HAL_TIM_IC_CaptureCallback
 .text.HAL_TIM_PWM_PulseFinishedCallback
                0x0800b76c       0x14 ./Drivers/STM32H7xx_HAL_Driver/stm32h7xx_hal_tim.o
                0x0800b76c                HAL_TIM_PWM_PulseFinishedCallback
 .text.HAL_TIM_TriggerCallback
                0x0800b780       0x14 ./Drivers/STM32H7xx_HAL_Driver/stm32h7xx_hal_tim.o
                0x0800b780                HAL_TIM_TriggerCallback
 .text.TIM_Base_SetConfig
                0x0800b794      0x14c ./Drivers/STM32H7xx_HAL_Driver/stm32h7xx_hal_tim.o
                0x0800b794                TIM_Base_SetConfig
 .text.TIM_OC1_SetConfig
                0x0800b8e0      0x120 ./Drivers/STM32H7xx_HAL_Driver/stm32h7xx_hal_tim.o
 .text.TIM_OC2_SetConfig
                0x0800ba00      0x114 ./Drivers/STM32H7xx_HAL_Driver/stm32h7xx_hal_tim.o
                0x0800ba00                TIM_OC2_SetConfig
 .text.TIM_OC3_SetConfig
                0x0800bb14      0x110 ./Drivers/STM32H7xx_HAL_Driver/stm32h7xx_hal_tim.o
 .text.TIM_OC4_SetConfig
                0x0800bc24       0xd4 ./Drivers/STM32H7xx_HAL_Driver/stm32h7xx_hal_tim.o
 .text.TIM_OC5_SetConfig
                0x0800bcf8       0xc8 ./Drivers/STM32H7xx_HAL_Driver/stm32h7xx_hal_tim.o
 .text.TIM_OC6_SetConfig
                0x0800bdc0       0xcc ./Drivers/STM32H7xx_HAL_Driver/stm32h7xx_hal_tim.o
 .text.TIM_CCxChannelCmd
                0x0800be8c       0x4a ./Drivers/STM32H7xx_HAL_Driver/stm32h7xx_hal_tim.o
                0x0800be8c                TIM_CCxChannelCmd
 *fill*         0x0800bed6        0x2 
 .text.HAL_TIMEx_MasterConfigSynchronization
                0x0800bed8      0x11c ./Drivers/STM32H7xx_HAL_Driver/stm32h7xx_hal_tim_ex.o
                0x0800bed8                HAL_TIMEx_MasterConfigSynchronization
 .text.HAL_TIMEx_CommutCallback
                0x0800bff4       0x14 ./Drivers/STM32H7xx_HAL_Driver/stm32h7xx_hal_tim_ex.o
                0x0800bff4                HAL_TIMEx_CommutCallback
 .text.HAL_TIMEx_BreakCallback
                0x0800c008       0x14 ./Drivers/STM32H7xx_HAL_Driver/stm32h7xx_hal_tim_ex.o
                0x0800c008                HAL_TIMEx_BreakCallback
 .text.HAL_TIMEx_Break2Callback
                0x0800c01c       0x14 ./Drivers/STM32H7xx_HAL_Driver/stm32h7xx_hal_tim_ex.o
                0x0800c01c                HAL_TIMEx_Break2Callback
 .text.HAL_UART_Init
                0x0800c030       0xa0 ./Drivers/STM32H7xx_HAL_Driver/stm32h7xx_hal_uart.o
                0x0800c030                HAL_UART_Init
 .text.HAL_UART_Transmit
                0x0800c0d0      0x11c ./Drivers/STM32H7xx_HAL_Driver/stm32h7xx_hal_uart.o
                0x0800c0d0                HAL_UART_Transmit
 .text.HAL_UART_IRQHandler
                0x0800c1ec      0x774 ./Drivers/STM32H7xx_HAL_Driver/stm32h7xx_hal_uart.o
                0x0800c1ec                HAL_UART_IRQHandler
 .text.HAL_UART_TxCpltCallback
                0x0800c960       0x14 ./Drivers/STM32H7xx_HAL_Driver/stm32h7xx_hal_uart.o
                0x0800c960                HAL_UART_TxCpltCallback
 .text.HAL_UART_RxCpltCallback
                0x0800c974       0x14 ./Drivers/STM32H7xx_HAL_Driver/stm32h7xx_hal_uart.o
                0x0800c974                HAL_UART_RxCpltCallback
 .text.HAL_UART_ErrorCallback
                0x0800c988       0x14 ./Drivers/STM32H7xx_HAL_Driver/stm32h7xx_hal_uart.o
                0x0800c988                HAL_UART_ErrorCallback
 .text.UART_SetConfig
                0x0800c99c      0xad0 ./Drivers/STM32H7xx_HAL_Driver/stm32h7xx_hal_uart.o
                0x0800c99c                UART_SetConfig
 .text.UART_AdvFeatureConfig
                0x0800d46c      0x144 ./Drivers/STM32H7xx_HAL_Driver/stm32h7xx_hal_uart.o
                0x0800d46c                UART_AdvFeatureConfig
 .text.UART_CheckIdleState
                0x0800d5b0      0x154 ./Drivers/STM32H7xx_HAL_Driver/stm32h7xx_hal_uart.o
                0x0800d5b0                UART_CheckIdleState
 .text.UART_WaitOnFlagUntilTimeout
                0x0800d704       0xda ./Drivers/STM32H7xx_HAL_Driver/stm32h7xx_hal_uart.o
                0x0800d704                UART_WaitOnFlagUntilTimeout
 *fill*         0x0800d7de        0x2 
 .text.UART_Start_Receive_IT
                0x0800d7e0      0x244 ./Drivers/STM32H7xx_HAL_Driver/stm32h7xx_hal_uart.o
                0x0800d7e0                UART_Start_Receive_IT
 .text.UART_EndRxTransfer
                0x0800da24       0xcc ./Drivers/STM32H7xx_HAL_Driver/stm32h7xx_hal_uart.o
 .text.UART_DMAAbortOnError
                0x0800daf0       0x2c ./Drivers/STM32H7xx_HAL_Driver/stm32h7xx_hal_uart.o
 .text.UART_EndTransmit_IT
                0x0800db1c       0x56 ./Drivers/STM32H7xx_HAL_Driver/stm32h7xx_hal_uart.o
 *fill*         0x0800db72        0x2 
 .text.UART_RxISR_8BIT
                0x0800db74      0x1b8 ./Drivers/STM32H7xx_HAL_Driver/stm32h7xx_hal_uart.o
 .text.UART_RxISR_16BIT
                0x0800dd2c      0x1b8 ./Drivers/STM32H7xx_HAL_Driver/stm32h7xx_hal_uart.o
 .text.UART_RxISR_8BIT_FIFOEN
                0x0800dee4      0x360 ./Drivers/STM32H7xx_HAL_Driver/stm32h7xx_hal_uart.o
 .text.UART_RxISR_16BIT_FIFOEN
                0x0800e244      0x368 ./Drivers/STM32H7xx_HAL_Driver/stm32h7xx_hal_uart.o
 .text.HAL_UARTEx_WakeupCallback
                0x0800e5ac       0x14 ./Drivers/STM32H7xx_HAL_Driver/stm32h7xx_hal_uart_ex.o
                0x0800e5ac                HAL_UARTEx_WakeupCallback
 .text.HAL_UARTEx_RxFifoFullCallback
                0x0800e5c0       0x14 ./Drivers/STM32H7xx_HAL_Driver/stm32h7xx_hal_uart_ex.o
                0x0800e5c0                HAL_UARTEx_RxFifoFullCallback
 .text.HAL_UARTEx_TxFifoEmptyCallback
                0x0800e5d4       0x14 ./Drivers/STM32H7xx_HAL_Driver/stm32h7xx_hal_uart_ex.o
                0x0800e5d4                HAL_UARTEx_TxFifoEmptyCallback
 .text.HAL_UARTEx_DisableFifoMode
                0x0800e5e8       0x72 ./Drivers/STM32H7xx_HAL_Driver/stm32h7xx_hal_uart_ex.o
                0x0800e5e8                HAL_UARTEx_DisableFifoMode
 .text.HAL_UARTEx_SetTxFifoThreshold
                0x0800e65a       0x7c ./Drivers/STM32H7xx_HAL_Driver/stm32h7xx_hal_uart_ex.o
                0x0800e65a                HAL_UARTEx_SetTxFifoThreshold
 .text.HAL_UARTEx_SetRxFifoThreshold
                0x0800e6d6       0x7c ./Drivers/STM32H7xx_HAL_Driver/stm32h7xx_hal_uart_ex.o
                0x0800e6d6                HAL_UARTEx_SetRxFifoThreshold
 .text.HAL_UARTEx_ReceiveToIdle_IT
                0x0800e752       0xa0 ./Drivers/STM32H7xx_HAL_Driver/stm32h7xx_hal_uart_ex.o
                0x0800e752                HAL_UARTEx_ReceiveToIdle_IT
 *fill*         0x0800e7f2        0x2 
 .text.UARTEx_SetNbDataToProcess
                0x0800e7f4       0x9c ./Drivers/STM32H7xx_HAL_Driver/stm32h7xx_hal_uart_ex.o
 .text._strtoul_l.constprop.0
                0x0800e890       0xdc C:/ST/STM32CubeIDE_1.16.1/STM32CubeIDE/plugins/com.st.stm32cube.ide.mcu.externaltools.gnu-tools-for-stm32.12.3.rel1.win32_1.0.200.202406191623/tools/bin/../lib/gcc/arm-none-eabi/12.3.1/../../../../arm-none-eabi/lib/thumb/v7e-m+dp/hard\libc_nano.a(libc_a-strtoul.o)
 .text.strtoul  0x0800e96c       0x14 C:/ST/STM32CubeIDE_1.16.1/STM32CubeIDE/plugins/com.st.stm32cube.ide.mcu.externaltools.gnu-tools-for-stm32.12.3.rel1.win32_1.0.200.202406191623/tools/bin/../lib/gcc/arm-none-eabi/12.3.1/../../../../arm-none-eabi/lib/thumb/v7e-m+dp/hard\libc_nano.a(libc_a-strtoul.o)
                0x0800e96c                strtoul
 .text.isxdigit
                0x0800e980       0x10 C:/ST/STM32CubeIDE_1.16.1/STM32CubeIDE/plugins/com.st.stm32cube.ide.mcu.externaltools.gnu-tools-for-stm32.12.3.rel1.win32_1.0.200.202406191623/tools/bin/../lib/gcc/arm-none-eabi/12.3.1/../../../../arm-none-eabi/lib/thumb/v7e-m+dp/hard\libc_nano.a(libc_a-isxdigit.o)
                0x0800e980                isxdigit
 .text.__cvt    0x0800e990       0xa8 C:/ST/STM32CubeIDE_1.16.1/STM32CubeIDE/plugins/com.st.stm32cube.ide.mcu.externaltools.gnu-tools-for-stm32.12.3.rel1.win32_1.0.200.202406191623/tools/bin/../lib/gcc/arm-none-eabi/12.3.1/../../../../arm-none-eabi/lib/thumb/v7e-m+dp/hard\libc_nano.a(libc_a-nano-vfprintf_float.o)
                0x0800e990                __cvt
 .text.__exponent
                0x0800ea38       0x74 C:/ST/STM32CubeIDE_1.16.1/STM32CubeIDE/plugins/com.st.stm32cube.ide.mcu.externaltools.gnu-tools-for-stm32.12.3.rel1.win32_1.0.200.202406191623/tools/bin/../lib/gcc/arm-none-eabi/12.3.1/../../../../arm-none-eabi/lib/thumb/v7e-m+dp/hard\libc_nano.a(libc_a-nano-vfprintf_float.o)
                0x0800ea38                __exponent
 *fill*         0x0800eaac        0x4 
 .text._printf_float
                0x0800eab0      0x434 C:/ST/STM32CubeIDE_1.16.1/STM32CubeIDE/plugins/com.st.stm32cube.ide.mcu.externaltools.gnu-tools-for-stm32.12.3.rel1.win32_1.0.200.202406191623/tools/bin/../lib/gcc/arm-none-eabi/12.3.1/../../../../arm-none-eabi/lib/thumb/v7e-m+dp/hard\libc_nano.a(libc_a-nano-vfprintf_float.o)
                0x0800eab0                _printf_float
 .text._printf_common
                0x0800eee4       0xda C:/ST/STM32CubeIDE_1.16.1/STM32CubeIDE/plugins/com.st.stm32cube.ide.mcu.externaltools.gnu-tools-for-stm32.12.3.rel1.win32_1.0.200.202406191623/tools/bin/../lib/gcc/arm-none-eabi/12.3.1/../../../../arm-none-eabi/lib/thumb/v7e-m+dp/hard\libc_nano.a(libc_a-nano-vfprintf_i.o)
                0x0800eee4                _printf_common
 *fill*         0x0800efbe        0x2 
 .text._printf_i
                0x0800efc0      0x240 C:/ST/STM32CubeIDE_1.16.1/STM32CubeIDE/plugins/com.st.stm32cube.ide.mcu.externaltools.gnu-tools-for-stm32.12.3.rel1.win32_1.0.200.202406191623/tools/bin/../lib/gcc/arm-none-eabi/12.3.1/../../../../arm-none-eabi/lib/thumb/v7e-m+dp/hard\libc_nano.a(libc_a-nano-vfprintf_i.o)
                0x0800efc0                _printf_i
 .text._scanf_float
                0x0800f200      0x418 C:/ST/STM32CubeIDE_1.16.1/STM32CubeIDE/plugins/com.st.stm32cube.ide.mcu.externaltools.gnu-tools-for-stm32.12.3.rel1.win32_1.0.200.202406191623/tools/bin/../lib/gcc/arm-none-eabi/12.3.1/../../../../arm-none-eabi/lib/thumb/v7e-m+dp/hard\libc_nano.a(libc_a-nano-vfscanf_float.o)
                0x0800f200                _scanf_float
 .text.std      0x0800f618       0x6c C:/ST/STM32CubeIDE_1.16.1/STM32CubeIDE/plugins/com.st.stm32cube.ide.mcu.externaltools.gnu-tools-for-stm32.12.3.rel1.win32_1.0.200.202406191623/tools/bin/../lib/gcc/arm-none-eabi/12.3.1/../../../../arm-none-eabi/lib/thumb/v7e-m+dp/hard\libc_nano.a(libc_a-findfp.o)
 .text.stdio_exit_handler
                0x0800f684       0x18 C:/ST/STM32CubeIDE_1.16.1/STM32CubeIDE/plugins/com.st.stm32cube.ide.mcu.externaltools.gnu-tools-for-stm32.12.3.rel1.win32_1.0.200.202406191623/tools/bin/../lib/gcc/arm-none-eabi/12.3.1/../../../../arm-none-eabi/lib/thumb/v7e-m+dp/hard\libc_nano.a(libc_a-findfp.o)
 .text.cleanup_stdio
                0x0800f69c       0x40 C:/ST/STM32CubeIDE_1.16.1/STM32CubeIDE/plugins/com.st.stm32cube.ide.mcu.externaltools.gnu-tools-for-stm32.12.3.rel1.win32_1.0.200.202406191623/tools/bin/../lib/gcc/arm-none-eabi/12.3.1/../../../../arm-none-eabi/lib/thumb/v7e-m+dp/hard\libc_nano.a(libc_a-findfp.o)
 .text.global_stdio_init.part.0
                0x0800f6dc       0x3c C:/ST/STM32CubeIDE_1.16.1/STM32CubeIDE/plugins/com.st.stm32cube.ide.mcu.externaltools.gnu-tools-for-stm32.12.3.rel1.win32_1.0.200.202406191623/tools/bin/../lib/gcc/arm-none-eabi/12.3.1/../../../../arm-none-eabi/lib/thumb/v7e-m+dp/hard\libc_nano.a(libc_a-findfp.o)
 .text.__sfp_lock_acquire
                0x0800f718        0xc C:/ST/STM32CubeIDE_1.16.1/STM32CubeIDE/plugins/com.st.stm32cube.ide.mcu.externaltools.gnu-tools-for-stm32.12.3.rel1.win32_1.0.200.202406191623/tools/bin/../lib/gcc/arm-none-eabi/12.3.1/../../../../arm-none-eabi/lib/thumb/v7e-m+dp/hard\libc_nano.a(libc_a-findfp.o)
                0x0800f718                __sfp_lock_acquire
 .text.__sfp_lock_release
                0x0800f724        0xc C:/ST/STM32CubeIDE_1.16.1/STM32CubeIDE/plugins/com.st.stm32cube.ide.mcu.externaltools.gnu-tools-for-stm32.12.3.rel1.win32_1.0.200.202406191623/tools/bin/../lib/gcc/arm-none-eabi/12.3.1/../../../../arm-none-eabi/lib/thumb/v7e-m+dp/hard\libc_nano.a(libc_a-findfp.o)
                0x0800f724                __sfp_lock_release
 .text.__sinit  0x0800f730       0x30 C:/ST/STM32CubeIDE_1.16.1/STM32CubeIDE/plugins/com.st.stm32cube.ide.mcu.externaltools.gnu-tools-for-stm32.12.3.rel1.win32_1.0.200.202406191623/tools/bin/../lib/gcc/arm-none-eabi/12.3.1/../../../../arm-none-eabi/lib/thumb/v7e-m+dp/hard\libc_nano.a(libc_a-findfp.o)
                0x0800f730                __sinit
 .text._fwalk_sglue
                0x0800f760       0x3c C:/ST/STM32CubeIDE_1.16.1/STM32CubeIDE/plugins/com.st.stm32cube.ide.mcu.externaltools.gnu-tools-for-stm32.12.3.rel1.win32_1.0.200.202406191623/tools/bin/../lib/gcc/arm-none-eabi/12.3.1/../../../../arm-none-eabi/lib/thumb/v7e-m+dp/hard\libc_nano.a(libc_a-fwalk.o)
                0x0800f760                _fwalk_sglue
 .text.snprintf
                0x0800f79c       0x68 C:/ST/STM32CubeIDE_1.16.1/STM32CubeIDE/plugins/com.st.stm32cube.ide.mcu.externaltools.gnu-tools-for-stm32.12.3.rel1.win32_1.0.200.202406191623/tools/bin/../lib/gcc/arm-none-eabi/12.3.1/../../../../arm-none-eabi/lib/thumb/v7e-m+dp/hard\libc_nano.a(libc_a-snprintf.o)
                0x0800f79c                sniprintf
                0x0800f79c                snprintf
 .text.sprintf  0x0800f804       0x40 C:/ST/STM32CubeIDE_1.16.1/STM32CubeIDE/plugins/com.st.stm32cube.ide.mcu.externaltools.gnu-tools-for-stm32.12.3.rel1.win32_1.0.200.202406191623/tools/bin/../lib/gcc/arm-none-eabi/12.3.1/../../../../arm-none-eabi/lib/thumb/v7e-m+dp/hard\libc_nano.a(libc_a-sprintf.o)
                0x0800f804                siprintf
                0x0800f804                sprintf
 .text.__sread  0x0800f844       0x22 C:/ST/STM32CubeIDE_1.16.1/STM32CubeIDE/plugins/com.st.stm32cube.ide.mcu.externaltools.gnu-tools-for-stm32.12.3.rel1.win32_1.0.200.202406191623/tools/bin/../lib/gcc/arm-none-eabi/12.3.1/../../../../arm-none-eabi/lib/thumb/v7e-m+dp/hard\libc_nano.a(libc_a-stdio.o)
                0x0800f844                __sread
 .text.__swrite
                0x0800f866       0x38 C:/ST/STM32CubeIDE_1.16.1/STM32CubeIDE/plugins/com.st.stm32cube.ide.mcu.externaltools.gnu-tools-for-stm32.12.3.rel1.win32_1.0.200.202406191623/tools/bin/../lib/gcc/arm-none-eabi/12.3.1/../../../../arm-none-eabi/lib/thumb/v7e-m+dp/hard\libc_nano.a(libc_a-stdio.o)
                0x0800f866                __swrite
 .text.__sseek  0x0800f89e       0x24 C:/ST/STM32CubeIDE_1.16.1/STM32CubeIDE/plugins/com.st.stm32cube.ide.mcu.externaltools.gnu-tools-for-stm32.12.3.rel1.win32_1.0.200.202406191623/tools/bin/../lib/gcc/arm-none-eabi/12.3.1/../../../../arm-none-eabi/lib/thumb/v7e-m+dp/hard\libc_nano.a(libc_a-stdio.o)
                0x0800f89e                __sseek
 .text.__sclose
                0x0800f8c2        0x8 C:/ST/STM32CubeIDE_1.16.1/STM32CubeIDE/plugins/com.st.stm32cube.ide.mcu.externaltools.gnu-tools-for-stm32.12.3.rel1.win32_1.0.200.202406191623/tools/bin/../lib/gcc/arm-none-eabi/12.3.1/../../../../arm-none-eabi/lib/thumb/v7e-m+dp/hard\libc_nano.a(libc_a-stdio.o)
                0x0800f8c2                __sclose
 .text.memset   0x0800f8ca       0x10 C:/ST/STM32CubeIDE_1.16.1/STM32CubeIDE/plugins/com.st.stm32cube.ide.mcu.externaltools.gnu-tools-for-stm32.12.3.rel1.win32_1.0.200.202406191623/tools/bin/../lib/gcc/arm-none-eabi/12.3.1/../../../../arm-none-eabi/lib/thumb/v7e-m+dp/hard\libc_nano.a(libc_a-memset.o)
                0x0800f8ca                memset
 .text.strcat   0x0800f8da       0x1e C:/ST/STM32CubeIDE_1.16.1/STM32CubeIDE/plugins/com.st.stm32cube.ide.mcu.externaltools.gnu-tools-for-stm32.12.3.rel1.win32_1.0.200.202406191623/tools/bin/../lib/gcc/arm-none-eabi/12.3.1/../../../../arm-none-eabi/lib/thumb/v7e-m+dp/hard\libc_nano.a(libc_a-strcat.o)
                0x0800f8da                strcat
 .text.strchr   0x0800f8f8       0x1a C:/ST/STM32CubeIDE_1.16.1/STM32CubeIDE/plugins/com.st.stm32cube.ide.mcu.externaltools.gnu-tools-for-stm32.12.3.rel1.win32_1.0.200.202406191623/tools/bin/../lib/gcc/arm-none-eabi/12.3.1/../../../../arm-none-eabi/lib/thumb/v7e-m+dp/hard\libc_nano.a(libc_a-strchr.o)
                0x0800f8f8                strchr
 *fill*         0x0800f912        0x2 
 .text.strtok   0x0800f914       0x68 C:/ST/STM32CubeIDE_1.16.1/STM32CubeIDE/plugins/com.st.stm32cube.ide.mcu.externaltools.gnu-tools-for-stm32.12.3.rel1.win32_1.0.200.202406191623/tools/bin/../lib/gcc/arm-none-eabi/12.3.1/../../../../arm-none-eabi/lib/thumb/v7e-m+dp/hard\libc_nano.a(libc_a-strtok.o)
                0x0800f914                strtok
 .text.__strtok_r
                0x0800f97c       0x50 C:/ST/STM32CubeIDE_1.16.1/STM32CubeIDE/plugins/com.st.stm32cube.ide.mcu.externaltools.gnu-tools-for-stm32.12.3.rel1.win32_1.0.200.202406191623/tools/bin/../lib/gcc/arm-none-eabi/12.3.1/../../../../arm-none-eabi/lib/thumb/v7e-m+dp/hard\libc_nano.a(libc_a-strtok_r.o)
                0x0800f97c                __strtok_r
 .text._localeconv_r
                0x0800f9cc        0x8 C:/ST/STM32CubeIDE_1.16.1/STM32CubeIDE/plugins/com.st.stm32cube.ide.mcu.externaltools.gnu-tools-for-stm32.12.3.rel1.win32_1.0.200.202406191623/tools/bin/../lib/gcc/arm-none-eabi/12.3.1/../../../../arm-none-eabi/lib/thumb/v7e-m+dp/hard\libc_nano.a(libc_a-localeconv.o)
                0x0800f9cc                _localeconv_r
 .text._close_r
                0x0800f9d4       0x20 C:/ST/STM32CubeIDE_1.16.1/STM32CubeIDE/plugins/com.st.stm32cube.ide.mcu.externaltools.gnu-tools-for-stm32.12.3.rel1.win32_1.0.200.202406191623/tools/bin/../lib/gcc/arm-none-eabi/12.3.1/../../../../arm-none-eabi/lib/thumb/v7e-m+dp/hard\libc_nano.a(libc_a-closer.o)
                0x0800f9d4                _close_r
 .text._lseek_r
                0x0800f9f4       0x24 C:/ST/STM32CubeIDE_1.16.1/STM32CubeIDE/plugins/com.st.stm32cube.ide.mcu.externaltools.gnu-tools-for-stm32.12.3.rel1.win32_1.0.200.202406191623/tools/bin/../lib/gcc/arm-none-eabi/12.3.1/../../../../arm-none-eabi/lib/thumb/v7e-m+dp/hard\libc_nano.a(libc_a-lseekr.o)
                0x0800f9f4                _lseek_r
 .text._read_r  0x0800fa18       0x24 C:/ST/STM32CubeIDE_1.16.1/STM32CubeIDE/plugins/com.st.stm32cube.ide.mcu.externaltools.gnu-tools-for-stm32.12.3.rel1.win32_1.0.200.202406191623/tools/bin/../lib/gcc/arm-none-eabi/12.3.1/../../../../arm-none-eabi/lib/thumb/v7e-m+dp/hard\libc_nano.a(libc_a-readr.o)
                0x0800fa18                _read_r
 .text._write_r
                0x0800fa3c       0x24 C:/ST/STM32CubeIDE_1.16.1/STM32CubeIDE/plugins/com.st.stm32cube.ide.mcu.externaltools.gnu-tools-for-stm32.12.3.rel1.win32_1.0.200.202406191623/tools/bin/../lib/gcc/arm-none-eabi/12.3.1/../../../../arm-none-eabi/lib/thumb/v7e-m+dp/hard\libc_nano.a(libc_a-writer.o)
                0x0800fa3c                _write_r
 .text.__errno  0x0800fa60        0xc C:/ST/STM32CubeIDE_1.16.1/STM32CubeIDE/plugins/com.st.stm32cube.ide.mcu.externaltools.gnu-tools-for-stm32.12.3.rel1.win32_1.0.200.202406191623/tools/bin/../lib/gcc/arm-none-eabi/12.3.1/../../../../arm-none-eabi/lib/thumb/v7e-m+dp/hard\libc_nano.a(libc_a-errno.o)
                0x0800fa60                __errno
 .text.__libc_init_array
                0x0800fa6c       0x48 C:/ST/STM32CubeIDE_1.16.1/STM32CubeIDE/plugins/com.st.stm32cube.ide.mcu.externaltools.gnu-tools-for-stm32.12.3.rel1.win32_1.0.200.202406191623/tools/bin/../lib/gcc/arm-none-eabi/12.3.1/../../../../arm-none-eabi/lib/thumb/v7e-m+dp/hard\libc_nano.a(libc_a-init.o)
                0x0800fa6c                __libc_init_array
 .text.__retarget_lock_init_recursive
                0x0800fab4        0x2 C:/ST/STM32CubeIDE_1.16.1/STM32CubeIDE/plugins/com.st.stm32cube.ide.mcu.externaltools.gnu-tools-for-stm32.12.3.rel1.win32_1.0.200.202406191623/tools/bin/../lib/gcc/arm-none-eabi/12.3.1/../../../../arm-none-eabi/lib/thumb/v7e-m+dp/hard\libc_nano.a(libc_a-lock.o)
                0x0800fab4                __retarget_lock_init_recursive
 .text.__retarget_lock_acquire_recursive
                0x0800fab6        0x2 C:/ST/STM32CubeIDE_1.16.1/STM32CubeIDE/plugins/com.st.stm32cube.ide.mcu.externaltools.gnu-tools-for-stm32.12.3.rel1.win32_1.0.200.202406191623/tools/bin/../lib/gcc/arm-none-eabi/12.3.1/../../../../arm-none-eabi/lib/thumb/v7e-m+dp/hard\libc_nano.a(libc_a-lock.o)
                0x0800fab6                __retarget_lock_acquire_recursive
 .text.__retarget_lock_release_recursive
                0x0800fab8        0x2 C:/ST/STM32CubeIDE_1.16.1/STM32CubeIDE/plugins/com.st.stm32cube.ide.mcu.externaltools.gnu-tools-for-stm32.12.3.rel1.win32_1.0.200.202406191623/tools/bin/../lib/gcc/arm-none-eabi/12.3.1/../../../../arm-none-eabi/lib/thumb/v7e-m+dp/hard\libc_nano.a(libc_a-lock.o)
                0x0800fab8                __retarget_lock_release_recursive
 .text.strcpy   0x0800faba       0x10 C:/ST/STM32CubeIDE_1.16.1/STM32CubeIDE/plugins/com.st.stm32cube.ide.mcu.externaltools.gnu-tools-for-stm32.12.3.rel1.win32_1.0.200.202406191623/tools/bin/../lib/gcc/arm-none-eabi/12.3.1/../../../../arm-none-eabi/lib/thumb/v7e-m+dp/hard\libc_nano.a(libc_a-strcpy.o)
                0x0800faba                strcpy
 *fill*         0x0800faca        0x2 
 .text.nanf     0x0800facc        0xc C:/ST/STM32CubeIDE_1.16.1/STM32CubeIDE/plugins/com.st.stm32cube.ide.mcu.externaltools.gnu-tools-for-stm32.12.3.rel1.win32_1.0.200.202406191623/tools/bin/../lib/gcc/arm-none-eabi/12.3.1/../../../../arm-none-eabi/lib/thumb/v7e-m+dp/hard\libc_nano.a(libm_a-sf_nan.o)
                0x0800facc                nanf
 .text.__assert_func
                0x0800fad8       0x3c C:/ST/STM32CubeIDE_1.16.1/STM32CubeIDE/plugins/com.st.stm32cube.ide.mcu.externaltools.gnu-tools-for-stm32.12.3.rel1.win32_1.0.200.202406191623/tools/bin/../lib/gcc/arm-none-eabi/12.3.1/../../../../arm-none-eabi/lib/thumb/v7e-m+dp/hard\libc_nano.a(libc_a-assert.o)
                0x0800fad8                __assert_func
 .text.quorem   0x0800fb14      0x110 C:/ST/STM32CubeIDE_1.16.1/STM32CubeIDE/plugins/com.st.stm32cube.ide.mcu.externaltools.gnu-tools-for-stm32.12.3.rel1.win32_1.0.200.202406191623/tools/bin/../lib/gcc/arm-none-eabi/12.3.1/../../../../arm-none-eabi/lib/thumb/v7e-m+dp/hard\libc_nano.a(libc_a-dtoa.o)
 *fill*         0x0800fc24        0x4 
 .text._dtoa_r  0x0800fc28      0xaac C:/ST/STM32CubeIDE_1.16.1/STM32CubeIDE/plugins/com.st.stm32cube.ide.mcu.externaltools.gnu-tools-for-stm32.12.3.rel1.win32_1.0.200.202406191623/tools/bin/../lib/gcc/arm-none-eabi/12.3.1/../../../../arm-none-eabi/lib/thumb/v7e-m+dp/hard\libc_nano.a(libc_a-dtoa.o)
                0x0800fc28                _dtoa_r
 .text._free_r  0x080106d4       0x94 C:/ST/STM32CubeIDE_1.16.1/STM32CubeIDE/plugins/com.st.stm32cube.ide.mcu.externaltools.gnu-tools-for-stm32.12.3.rel1.win32_1.0.200.202406191623/tools/bin/../lib/gcc/arm-none-eabi/12.3.1/../../../../arm-none-eabi/lib/thumb/v7e-m+dp/hard\libc_nano.a(libc_a-freer.o)
                0x080106d4                _free_r
 .text.malloc   0x08010768       0x10 C:/ST/STM32CubeIDE_1.16.1/STM32CubeIDE/plugins/com.st.stm32cube.ide.mcu.externaltools.gnu-tools-for-stm32.12.3.rel1.win32_1.0.200.202406191623/tools/bin/../lib/gcc/arm-none-eabi/12.3.1/../../../../arm-none-eabi/lib/thumb/v7e-m+dp/hard\libc_nano.a(libc_a-malloc.o)
                0x08010768                malloc
 .text.sbrk_aligned
                0x08010778       0x44 C:/ST/STM32CubeIDE_1.16.1/STM32CubeIDE/plugins/com.st.stm32cube.ide.mcu.externaltools.gnu-tools-for-stm32.12.3.rel1.win32_1.0.200.202406191623/tools/bin/../lib/gcc/arm-none-eabi/12.3.1/../../../../arm-none-eabi/lib/thumb/v7e-m+dp/hard\libc_nano.a(libc_a-mallocr.o)
 .text._malloc_r
                0x080107bc      0x100 C:/ST/STM32CubeIDE_1.16.1/STM32CubeIDE/plugins/com.st.stm32cube.ide.mcu.externaltools.gnu-tools-for-stm32.12.3.rel1.win32_1.0.200.202406191623/tools/bin/../lib/gcc/arm-none-eabi/12.3.1/../../../../arm-none-eabi/lib/thumb/v7e-m+dp/hard\libc_nano.a(libc_a-mallocr.o)
                0x080107bc                _malloc_r
 .text.__malloc_lock
                0x080108bc        0xc C:/ST/STM32CubeIDE_1.16.1/STM32CubeIDE/plugins/com.st.stm32cube.ide.mcu.externaltools.gnu-tools-for-stm32.12.3.rel1.win32_1.0.200.202406191623/tools/bin/../lib/gcc/arm-none-eabi/12.3.1/../../../../arm-none-eabi/lib/thumb/v7e-m+dp/hard\libc_nano.a(libc_a-mlock.o)
                0x080108bc                __malloc_lock
 .text.__malloc_unlock
                0x080108c8        0xc C:/ST/STM32CubeIDE_1.16.1/STM32CubeIDE/plugins/com.st.stm32cube.ide.mcu.externaltools.gnu-tools-for-stm32.12.3.rel1.win32_1.0.200.202406191623/tools/bin/../lib/gcc/arm-none-eabi/12.3.1/../../../../arm-none-eabi/lib/thumb/v7e-m+dp/hard\libc_nano.a(libc_a-mlock.o)
                0x080108c8                __malloc_unlock
 .text._Balloc  0x080108d4       0x80 C:/ST/STM32CubeIDE_1.16.1/STM32CubeIDE/plugins/com.st.stm32cube.ide.mcu.externaltools.gnu-tools-for-stm32.12.3.rel1.win32_1.0.200.202406191623/tools/bin/../lib/gcc/arm-none-eabi/12.3.1/../../../../arm-none-eabi/lib/thumb/v7e-m+dp/hard\libc_nano.a(libc_a-mprec.o)
                0x080108d4                _Balloc
 .text._Bfree   0x08010954       0x44 C:/ST/STM32CubeIDE_1.16.1/STM32CubeIDE/plugins/com.st.stm32cube.ide.mcu.externaltools.gnu-tools-for-stm32.12.3.rel1.win32_1.0.200.202406191623/tools/bin/../lib/gcc/arm-none-eabi/12.3.1/../../../../arm-none-eabi/lib/thumb/v7e-m+dp/hard\libc_nano.a(libc_a-mprec.o)
                0x08010954                _Bfree
 .text.__multadd
                0x08010998       0x8c C:/ST/STM32CubeIDE_1.16.1/STM32CubeIDE/plugins/com.st.stm32cube.ide.mcu.externaltools.gnu-tools-for-stm32.12.3.rel1.win32_1.0.200.202406191623/tools/bin/../lib/gcc/arm-none-eabi/12.3.1/../../../../arm-none-eabi/lib/thumb/v7e-m+dp/hard\libc_nano.a(libc_a-mprec.o)
                0x08010998                __multadd
 .text.__s2b    0x08010a24       0x94 C:/ST/STM32CubeIDE_1.16.1/STM32CubeIDE/plugins/com.st.stm32cube.ide.mcu.externaltools.gnu-tools-for-stm32.12.3.rel1.win32_1.0.200.202406191623/tools/bin/../lib/gcc/arm-none-eabi/12.3.1/../../../../arm-none-eabi/lib/thumb/v7e-m+dp/hard\libc_nano.a(libc_a-mprec.o)
                0x08010a24                __s2b
 .text.__hi0bits
                0x08010ab8       0x3e C:/ST/STM32CubeIDE_1.16.1/STM32CubeIDE/plugins/com.st.stm32cube.ide.mcu.externaltools.gnu-tools-for-stm32.12.3.rel1.win32_1.0.200.202406191623/tools/bin/../lib/gcc/arm-none-eabi/12.3.1/../../../../arm-none-eabi/lib/thumb/v7e-m+dp/hard\libc_nano.a(libc_a-mprec.o)
                0x08010ab8                __hi0bits
 .text.__lo0bits
                0x08010af6       0x5a C:/ST/STM32CubeIDE_1.16.1/STM32CubeIDE/plugins/com.st.stm32cube.ide.mcu.externaltools.gnu-tools-for-stm32.12.3.rel1.win32_1.0.200.202406191623/tools/bin/../lib/gcc/arm-none-eabi/12.3.1/../../../../arm-none-eabi/lib/thumb/v7e-m+dp/hard\libc_nano.a(libc_a-mprec.o)
                0x08010af6                __lo0bits
 .text.__i2b    0x08010b50       0x2c C:/ST/STM32CubeIDE_1.16.1/STM32CubeIDE/plugins/com.st.stm32cube.ide.mcu.externaltools.gnu-tools-for-stm32.12.3.rel1.win32_1.0.200.202406191623/tools/bin/../lib/gcc/arm-none-eabi/12.3.1/../../../../arm-none-eabi/lib/thumb/v7e-m+dp/hard\libc_nano.a(libc_a-mprec.o)
                0x08010b50                __i2b
 .text.__multiply
                0x08010b7c      0x154 C:/ST/STM32CubeIDE_1.16.1/STM32CubeIDE/plugins/com.st.stm32cube.ide.mcu.externaltools.gnu-tools-for-stm32.12.3.rel1.win32_1.0.200.202406191623/tools/bin/../lib/gcc/arm-none-eabi/12.3.1/../../../../arm-none-eabi/lib/thumb/v7e-m+dp/hard\libc_nano.a(libc_a-mprec.o)
                0x08010b7c                __multiply
 .text.__pow5mult
                0x08010cd0       0xb4 C:/ST/STM32CubeIDE_1.16.1/STM32CubeIDE/plugins/com.st.stm32cube.ide.mcu.externaltools.gnu-tools-for-stm32.12.3.rel1.win32_1.0.200.202406191623/tools/bin/../lib/gcc/arm-none-eabi/12.3.1/../../../../arm-none-eabi/lib/thumb/v7e-m+dp/hard\libc_nano.a(libc_a-mprec.o)
                0x08010cd0                __pow5mult
 .text.__lshift
                0x08010d84       0xd8 C:/ST/STM32CubeIDE_1.16.1/STM32CubeIDE/plugins/com.st.stm32cube.ide.mcu.externaltools.gnu-tools-for-stm32.12.3.rel1.win32_1.0.200.202406191623/tools/bin/../lib/gcc/arm-none-eabi/12.3.1/../../../../arm-none-eabi/lib/thumb/v7e-m+dp/hard\libc_nano.a(libc_a-mprec.o)
                0x08010d84                __lshift
 .text.__mcmp   0x08010e5c       0x36 C:/ST/STM32CubeIDE_1.16.1/STM32CubeIDE/plugins/com.st.stm32cube.ide.mcu.externaltools.gnu-tools-for-stm32.12.3.rel1.win32_1.0.200.202406191623/tools/bin/../lib/gcc/arm-none-eabi/12.3.1/../../../../arm-none-eabi/lib/thumb/v7e-m+dp/hard\libc_nano.a(libc_a-mprec.o)
                0x08010e5c                __mcmp
 *fill*         0x08010e92        0x2 
 .text.__mdiff  0x08010e94      0x128 C:/ST/STM32CubeIDE_1.16.1/STM32CubeIDE/plugins/com.st.stm32cube.ide.mcu.externaltools.gnu-tools-for-stm32.12.3.rel1.win32_1.0.200.202406191623/tools/bin/../lib/gcc/arm-none-eabi/12.3.1/../../../../arm-none-eabi/lib/thumb/v7e-m+dp/hard\libc_nano.a(libc_a-mprec.o)
                0x08010e94                __mdiff
 .text.__ulp    0x08010fbc       0x4c C:/ST/STM32CubeIDE_1.16.1/STM32CubeIDE/plugins/com.st.stm32cube.ide.mcu.externaltools.gnu-tools-for-stm32.12.3.rel1.win32_1.0.200.202406191623/tools/bin/../lib/gcc/arm-none-eabi/12.3.1/../../../../arm-none-eabi/lib/thumb/v7e-m+dp/hard\libc_nano.a(libc_a-mprec.o)
                0x08010fbc                __ulp
 .text.__b2d    0x08011008       0x94 C:/ST/STM32CubeIDE_1.16.1/STM32CubeIDE/plugins/com.st.stm32cube.ide.mcu.externaltools.gnu-tools-for-stm32.12.3.rel1.win32_1.0.200.202406191623/tools/bin/../lib/gcc/arm-none-eabi/12.3.1/../../../../arm-none-eabi/lib/thumb/v7e-m+dp/hard\libc_nano.a(libc_a-mprec.o)
                0x08011008                __b2d
 .text.__d2b    0x0801109c       0xb0 C:/ST/STM32CubeIDE_1.16.1/STM32CubeIDE/plugins/com.st.stm32cube.ide.mcu.externaltools.gnu-tools-for-stm32.12.3.rel1.win32_1.0.200.202406191623/tools/bin/../lib/gcc/arm-none-eabi/12.3.1/../../../../arm-none-eabi/lib/thumb/v7e-m+dp/hard\libc_nano.a(libc_a-mprec.o)
                0x0801109c                __d2b
 .text.__ratio  0x0801114c       0x5e C:/ST/STM32CubeIDE_1.16.1/STM32CubeIDE/plugins/com.st.stm32cube.ide.mcu.externaltools.gnu-tools-for-stm32.12.3.rel1.win32_1.0.200.202406191623/tools/bin/../lib/gcc/arm-none-eabi/12.3.1/../../../../arm-none-eabi/lib/thumb/v7e-m+dp/hard\libc_nano.a(libc_a-mprec.o)
                0x0801114c                __ratio
 .text.__copybits
                0x080111aa       0x46 C:/ST/STM32CubeIDE_1.16.1/STM32CubeIDE/plugins/com.st.stm32cube.ide.mcu.externaltools.gnu-tools-for-stm32.12.3.rel1.win32_1.0.200.202406191623/tools/bin/../lib/gcc/arm-none-eabi/12.3.1/../../../../arm-none-eabi/lib/thumb/v7e-m+dp/hard\libc_nano.a(libc_a-mprec.o)
                0x080111aa                __copybits
 .text.__any_on
                0x080111f0       0x42 C:/ST/STM32CubeIDE_1.16.1/STM32CubeIDE/plugins/com.st.stm32cube.ide.mcu.externaltools.gnu-tools-for-stm32.12.3.rel1.win32_1.0.200.202406191623/tools/bin/../lib/gcc/arm-none-eabi/12.3.1/../../../../arm-none-eabi/lib/thumb/v7e-m+dp/hard\libc_nano.a(libc_a-mprec.o)
                0x080111f0                __any_on
 .text.sulp     0x08011232       0x34 C:/ST/STM32CubeIDE_1.16.1/STM32CubeIDE/plugins/com.st.stm32cube.ide.mcu.externaltools.gnu-tools-for-stm32.12.3.rel1.win32_1.0.200.202406191623/tools/bin/../lib/gcc/arm-none-eabi/12.3.1/../../../../arm-none-eabi/lib/thumb/v7e-m+dp/hard\libc_nano.a(libc_a-strtod.o)
 *fill*         0x08011266        0x2 
 .text._strtod_l
                0x08011268      0xb2c C:/ST/STM32CubeIDE_1.16.1/STM32CubeIDE/plugins/com.st.stm32cube.ide.mcu.externaltools.gnu-tools-for-stm32.12.3.rel1.win32_1.0.200.202406191623/tools/bin/../lib/gcc/arm-none-eabi/12.3.1/../../../../arm-none-eabi/lib/thumb/v7e-m+dp/hard\libc_nano.a(libc_a-strtod.o)
                0x08011268                _strtod_l
 .text._strtod_r
                0x08011d94        0xc C:/ST/STM32CubeIDE_1.16.1/STM32CubeIDE/plugins/com.st.stm32cube.ide.mcu.externaltools.gnu-tools-for-stm32.12.3.rel1.win32_1.0.200.202406191623/tools/bin/../lib/gcc/arm-none-eabi/12.3.1/../../../../arm-none-eabi/lib/thumb/v7e-m+dp/hard\libc_nano.a(libc_a-strtod.o)
                0x08011d94                _strtod_r
 .text._strtol_l.constprop.0
                0x08011da0       0xf4 C:/ST/STM32CubeIDE_1.16.1/STM32CubeIDE/plugins/com.st.stm32cube.ide.mcu.externaltools.gnu-tools-for-stm32.12.3.rel1.win32_1.0.200.202406191623/tools/bin/../lib/gcc/arm-none-eabi/12.3.1/../../../../arm-none-eabi/lib/thumb/v7e-m+dp/hard\libc_nano.a(libc_a-strtol.o)
 .text._strtol_r
                0x08011e94        0x4 C:/ST/STM32CubeIDE_1.16.1/STM32CubeIDE/plugins/com.st.stm32cube.ide.mcu.externaltools.gnu-tools-for-stm32.12.3.rel1.win32_1.0.200.202406191623/tools/bin/../lib/gcc/arm-none-eabi/12.3.1/../../../../arm-none-eabi/lib/thumb/v7e-m+dp/hard\libc_nano.a(libc_a-strtol.o)
                0x08011e94                _strtol_r
 .text.__ssputs_r
                0x08011e98       0xb6 C:/ST/STM32CubeIDE_1.16.1/STM32CubeIDE/plugins/com.st.stm32cube.ide.mcu.externaltools.gnu-tools-for-stm32.12.3.rel1.win32_1.0.200.202406191623/tools/bin/../lib/gcc/arm-none-eabi/12.3.1/../../../../arm-none-eabi/lib/thumb/v7e-m+dp/hard\libc_nano.a(libc_a-nano-svfprintf.o)
                0x08011e98                __ssputs_r
 *fill*         0x08011f4e        0x2 
 .text._svfprintf_r
                0x08011f50      0x1f8 C:/ST/STM32CubeIDE_1.16.1/STM32CubeIDE/plugins/com.st.stm32cube.ide.mcu.externaltools.gnu-tools-for-stm32.12.3.rel1.win32_1.0.200.202406191623/tools/bin/../lib/gcc/arm-none-eabi/12.3.1/../../../../arm-none-eabi/lib/thumb/v7e-m+dp/hard\libc_nano.a(libc_a-nano-svfprintf.o)
                0x08011f50                _svfiprintf_r
                0x08011f50                _svfprintf_r
 .text.__sflush_r
                0x08012148      0x108 C:/ST/STM32CubeIDE_1.16.1/STM32CubeIDE/plugins/com.st.stm32cube.ide.mcu.externaltools.gnu-tools-for-stm32.12.3.rel1.win32_1.0.200.202406191623/tools/bin/../lib/gcc/arm-none-eabi/12.3.1/../../../../arm-none-eabi/lib/thumb/v7e-m+dp/hard\libc_nano.a(libc_a-fflush.o)
                0x08012148                __sflush_r
 .text._fflush_r
                0x08012250       0x50 C:/ST/STM32CubeIDE_1.16.1/STM32CubeIDE/plugins/com.st.stm32cube.ide.mcu.externaltools.gnu-tools-for-stm32.12.3.rel1.win32_1.0.200.202406191623/tools/bin/../lib/gcc/arm-none-eabi/12.3.1/../../../../arm-none-eabi/lib/thumb/v7e-m+dp/hard\libc_nano.a(libc_a-fflush.o)
                0x08012250                _fflush_r
 .text.fprintf  0x080122a0       0x24 C:/ST/STM32CubeIDE_1.16.1/STM32CubeIDE/plugins/com.st.stm32cube.ide.mcu.externaltools.gnu-tools-for-stm32.12.3.rel1.win32_1.0.200.202406191623/tools/bin/../lib/gcc/arm-none-eabi/12.3.1/../../../../arm-none-eabi/lib/thumb/v7e-m+dp/hard\libc_nano.a(libc_a-fprintf.o)
                0x080122a0                fiprintf
                0x080122a0                fprintf
 .text.memmove  0x080122c4       0x34 C:/ST/STM32CubeIDE_1.16.1/STM32CubeIDE/plugins/com.st.stm32cube.ide.mcu.externaltools.gnu-tools-for-stm32.12.3.rel1.win32_1.0.200.202406191623/tools/bin/../lib/gcc/arm-none-eabi/12.3.1/../../../../arm-none-eabi/lib/thumb/v7e-m+dp/hard\libc_nano.a(libc_a-memmove.o)
                0x080122c4                memmove
 .text.strncmp  0x080122f8       0x24 C:/ST/STM32CubeIDE_1.16.1/STM32CubeIDE/plugins/com.st.stm32cube.ide.mcu.externaltools.gnu-tools-for-stm32.12.3.rel1.win32_1.0.200.202406191623/tools/bin/../lib/gcc/arm-none-eabi/12.3.1/../../../../arm-none-eabi/lib/thumb/v7e-m+dp/hard\libc_nano.a(libc_a-strncmp.o)
                0x080122f8                strncmp
 .text._sbrk_r  0x0801231c       0x20 C:/ST/STM32CubeIDE_1.16.1/STM32CubeIDE/plugins/com.st.stm32cube.ide.mcu.externaltools.gnu-tools-for-stm32.12.3.rel1.win32_1.0.200.202406191623/tools/bin/../lib/gcc/arm-none-eabi/12.3.1/../../../../arm-none-eabi/lib/thumb/v7e-m+dp/hard\libc_nano.a(libc_a-sbrkr.o)
                0x0801231c                _sbrk_r
 .text.memcpy   0x0801233c       0x1c C:/ST/STM32CubeIDE_1.16.1/STM32CubeIDE/plugins/com.st.stm32cube.ide.mcu.externaltools.gnu-tools-for-stm32.12.3.rel1.win32_1.0.200.202406191623/tools/bin/../lib/gcc/arm-none-eabi/12.3.1/../../../../arm-none-eabi/lib/thumb/v7e-m+dp/hard\libc_nano.a(libc_a-memcpy-stub.o)
                0x0801233c                memcpy
 .text.nan      0x08012358       0x10 C:/ST/STM32CubeIDE_1.16.1/STM32CubeIDE/plugins/com.st.stm32cube.ide.mcu.externaltools.gnu-tools-for-stm32.12.3.rel1.win32_1.0.200.202406191623/tools/bin/../lib/gcc/arm-none-eabi/12.3.1/../../../../arm-none-eabi/lib/thumb/v7e-m+dp/hard\libc_nano.a(libm_a-s_nan.o)
                0x08012358                nan
 .text.abort    0x08012368        0xe C:/ST/STM32CubeIDE_1.16.1/STM32CubeIDE/plugins/com.st.stm32cube.ide.mcu.externaltools.gnu-tools-for-stm32.12.3.rel1.win32_1.0.200.202406191623/tools/bin/../lib/gcc/arm-none-eabi/12.3.1/../../../../arm-none-eabi/lib/thumb/v7e-m+dp/hard\libc_nano.a(libc_a-abort.o)
                0x08012368                abort
 .text._calloc_r
                0x08012376       0x28 C:/ST/STM32CubeIDE_1.16.1/STM32CubeIDE/plugins/com.st.stm32cube.ide.mcu.externaltools.gnu-tools-for-stm32.12.3.rel1.win32_1.0.200.202406191623/tools/bin/../lib/gcc/arm-none-eabi/12.3.1/../../../../arm-none-eabi/lib/thumb/v7e-m+dp/hard\libc_nano.a(libc_a-callocr.o)
                0x08012376                _calloc_r
 .text.rshift   0x0801239e       0xa4 C:/ST/STM32CubeIDE_1.16.1/STM32CubeIDE/plugins/com.st.stm32cube.ide.mcu.externaltools.gnu-tools-for-stm32.12.3.rel1.win32_1.0.200.202406191623/tools/bin/../lib/gcc/arm-none-eabi/12.3.1/../../../../arm-none-eabi/lib/thumb/v7e-m+dp/hard\libc_nano.a(libc_a-gdtoa-gethex.o)
 .text.__hexdig_fun
                0x08012442       0x2a C:/ST/STM32CubeIDE_1.16.1/STM32CubeIDE/plugins/com.st.stm32cube.ide.mcu.externaltools.gnu-tools-for-stm32.12.3.rel1.win32_1.0.200.202406191623/tools/bin/../lib/gcc/arm-none-eabi/12.3.1/../../../../arm-none-eabi/lib/thumb/v7e-m+dp/hard\libc_nano.a(libc_a-gdtoa-gethex.o)
                0x08012442                __hexdig_fun
 .text.__gethex
                0x0801246c      0x420 C:/ST/STM32CubeIDE_1.16.1/STM32CubeIDE/plugins/com.st.stm32cube.ide.mcu.externaltools.gnu-tools-for-stm32.12.3.rel1.win32_1.0.200.202406191623/tools/bin/../lib/gcc/arm-none-eabi/12.3.1/../../../../arm-none-eabi/lib/thumb/v7e-m+dp/hard\libc_nano.a(libc_a-gdtoa-gethex.o)
                0x0801246c                __gethex
 .text.L_shift  0x0801288c       0x24 C:/ST/STM32CubeIDE_1.16.1/STM32CubeIDE/plugins/com.st.stm32cube.ide.mcu.externaltools.gnu-tools-for-stm32.12.3.rel1.win32_1.0.200.202406191623/tools/bin/../lib/gcc/arm-none-eabi/12.3.1/../../../../arm-none-eabi/lib/thumb/v7e-m+dp/hard\libc_nano.a(libc_a-gdtoa-hexnan.o)
 .text.__match  0x080128b0       0x28 C:/ST/STM32CubeIDE_1.16.1/STM32CubeIDE/plugins/com.st.stm32cube.ide.mcu.externaltools.gnu-tools-for-stm32.12.3.rel1.win32_1.0.200.202406191623/tools/bin/../lib/gcc/arm-none-eabi/12.3.1/../../../../arm-none-eabi/lib/thumb/v7e-m+dp/hard\libc_nano.a(libc_a-gdtoa-hexnan.o)
                0x080128b0                __match
 .text.__hexnan
                0x080128d8      0x136 C:/ST/STM32CubeIDE_1.16.1/STM32CubeIDE/plugins/com.st.stm32cube.ide.mcu.externaltools.gnu-tools-for-stm32.12.3.rel1.win32_1.0.200.202406191623/tools/bin/../lib/gcc/arm-none-eabi/12.3.1/../../../../arm-none-eabi/lib/thumb/v7e-m+dp/hard\libc_nano.a(libc_a-gdtoa-hexnan.o)
                0x080128d8                __hexnan
 .text.__ascii_mbtowc
                0x08012a0e       0x24 C:/ST/STM32CubeIDE_1.16.1/STM32CubeIDE/plugins/com.st.stm32cube.ide.mcu.externaltools.gnu-tools-for-stm32.12.3.rel1.win32_1.0.200.202406191623/tools/bin/../lib/gcc/arm-none-eabi/12.3.1/../../../../arm-none-eabi/lib/thumb/v7e-m+dp/hard\libc_nano.a(libc_a-mbtowc_r.o)
                0x08012a0e                __ascii_mbtowc
 .text._realloc_r
                0x08012a32       0x5c C:/ST/STM32CubeIDE_1.16.1/STM32CubeIDE/plugins/com.st.stm32cube.ide.mcu.externaltools.gnu-tools-for-stm32.12.3.rel1.win32_1.0.200.202406191623/tools/bin/../lib/gcc/arm-none-eabi/12.3.1/../../../../arm-none-eabi/lib/thumb/v7e-m+dp/hard\libc_nano.a(libc_a-reallocr.o)
                0x08012a32                _realloc_r
 .text.__ascii_wctomb
                0x08012a8e       0x1a C:/ST/STM32CubeIDE_1.16.1/STM32CubeIDE/plugins/com.st.stm32cube.ide.mcu.externaltools.gnu-tools-for-stm32.12.3.rel1.win32_1.0.200.202406191623/tools/bin/../lib/gcc/arm-none-eabi/12.3.1/../../../../arm-none-eabi/lib/thumb/v7e-m+dp/hard\libc_nano.a(libc_a-wctomb_r.o)
                0x08012a8e                __ascii_wctomb
 .text.__sfputc_r
                0x08012aa8       0x2e C:/ST/STM32CubeIDE_1.16.1/STM32CubeIDE/plugins/com.st.stm32cube.ide.mcu.externaltools.gnu-tools-for-stm32.12.3.rel1.win32_1.0.200.202406191623/tools/bin/../lib/gcc/arm-none-eabi/12.3.1/../../../../arm-none-eabi/lib/thumb/v7e-m+dp/hard\libc_nano.a(libc_a-nano-vfprintf.o)
 .text.__sfputs_r
                0x08012ad6       0x24 C:/ST/STM32CubeIDE_1.16.1/STM32CubeIDE/plugins/com.st.stm32cube.ide.mcu.externaltools.gnu-tools-for-stm32.12.3.rel1.win32_1.0.200.202406191623/tools/bin/../lib/gcc/arm-none-eabi/12.3.1/../../../../arm-none-eabi/lib/thumb/v7e-m+dp/hard\libc_nano.a(libc_a-nano-vfprintf.o)
                0x08012ad6                __sfputs_r
 *fill*         0x08012afa        0x2 
 .text._vfprintf_r
                0x08012afc      0x230 C:/ST/STM32CubeIDE_1.16.1/STM32CubeIDE/plugins/com.st.stm32cube.ide.mcu.externaltools.gnu-tools-for-stm32.12.3.rel1.win32_1.0.200.202406191623/tools/bin/../lib/gcc/arm-none-eabi/12.3.1/../../../../arm-none-eabi/lib/thumb/v7e-m+dp/hard\libc_nano.a(libc_a-nano-vfprintf.o)
                0x08012afc                _vfprintf_r
                0x08012afc                _vfiprintf_r
 .text.__swbuf_r
                0x08012d2c       0x7c C:/ST/STM32CubeIDE_1.16.1/STM32CubeIDE/plugins/com.st.stm32cube.ide.mcu.externaltools.gnu-tools-for-stm32.12.3.rel1.win32_1.0.200.202406191623/tools/bin/../lib/gcc/arm-none-eabi/12.3.1/../../../../arm-none-eabi/lib/thumb/v7e-m+dp/hard\libc_nano.a(libc_a-wbuf.o)
                0x08012d2c                __swbuf_r
 .text.__swsetup_r
                0x08012da8       0xac C:/ST/STM32CubeIDE_1.16.1/STM32CubeIDE/plugins/com.st.stm32cube.ide.mcu.externaltools.gnu-tools-for-stm32.12.3.rel1.win32_1.0.200.202406191623/tools/bin/../lib/gcc/arm-none-eabi/12.3.1/../../../../arm-none-eabi/lib/thumb/v7e-m+dp/hard\libc_nano.a(libc_a-wsetup.o)
                0x08012da8                __swsetup_r
 .text._raise_r
                0x08012e54       0x50 C:/ST/STM32CubeIDE_1.16.1/STM32CubeIDE/plugins/com.st.stm32cube.ide.mcu.externaltools.gnu-tools-for-stm32.12.3.rel1.win32_1.0.200.202406191623/tools/bin/../lib/gcc/arm-none-eabi/12.3.1/../../../../arm-none-eabi/lib/thumb/v7e-m+dp/hard\libc_nano.a(libc_a-signal.o)
                0x08012e54                _raise_r
 .text.raise    0x08012ea4       0x10 C:/ST/STM32CubeIDE_1.16.1/STM32CubeIDE/plugins/com.st.stm32cube.ide.mcu.externaltools.gnu-tools-for-stm32.12.3.rel1.win32_1.0.200.202406191623/tools/bin/../lib/gcc/arm-none-eabi/12.3.1/../../../../arm-none-eabi/lib/thumb/v7e-m+dp/hard\libc_nano.a(libc_a-signal.o)
                0x08012ea4                raise
 .text._kill_r  0x08012eb4       0x24 C:/ST/STM32CubeIDE_1.16.1/STM32CubeIDE/plugins/com.st.stm32cube.ide.mcu.externaltools.gnu-tools-for-stm32.12.3.rel1.win32_1.0.200.202406191623/tools/bin/../lib/gcc/arm-none-eabi/12.3.1/../../../../arm-none-eabi/lib/thumb/v7e-m+dp/hard\libc_nano.a(libc_a-signalr.o)
                0x08012eb4                _kill_r
 .text._getpid_r
                0x08012ed8        0x4 C:/ST/STM32CubeIDE_1.16.1/STM32CubeIDE/plugins/com.st.stm32cube.ide.mcu.externaltools.gnu-tools-for-stm32.12.3.rel1.win32_1.0.200.202406191623/tools/bin/../lib/gcc/arm-none-eabi/12.3.1/../../../../arm-none-eabi/lib/thumb/v7e-m+dp/hard\libc_nano.a(libc_a-signalr.o)
                0x08012ed8                _getpid_r
 .text._malloc_usable_size_r
                0x08012edc       0x10 C:/ST/STM32CubeIDE_1.16.1/STM32CubeIDE/plugins/com.st.stm32cube.ide.mcu.externaltools.gnu-tools-for-stm32.12.3.rel1.win32_1.0.200.202406191623/tools/bin/../lib/gcc/arm-none-eabi/12.3.1/../../../../arm-none-eabi/lib/thumb/v7e-m+dp/hard\libc_nano.a(libc_a-msizer.o)
                0x08012edc                _malloc_usable_size_r
 .text.__swhatbuf_r
                0x08012eec       0x4c C:/ST/STM32CubeIDE_1.16.1/STM32CubeIDE/plugins/com.st.stm32cube.ide.mcu.externaltools.gnu-tools-for-stm32.12.3.rel1.win32_1.0.200.202406191623/tools/bin/../lib/gcc/arm-none-eabi/12.3.1/../../../../arm-none-eabi/lib/thumb/v7e-m+dp/hard\libc_nano.a(libc_a-makebuf.o)
                0x08012eec                __swhatbuf_r
 .text.__smakebuf_r
                0x08012f38       0x78 C:/ST/STM32CubeIDE_1.16.1/STM32CubeIDE/plugins/com.st.stm32cube.ide.mcu.externaltools.gnu-tools-for-stm32.12.3.rel1.win32_1.0.200.202406191623/tools/bin/../lib/gcc/arm-none-eabi/12.3.1/../../../../arm-none-eabi/lib/thumb/v7e-m+dp/hard\libc_nano.a(libc_a-makebuf.o)
                0x08012f38                __smakebuf_r
 .text._fstat_r
                0x08012fb0       0x24 C:/ST/STM32CubeIDE_1.16.1/STM32CubeIDE/plugins/com.st.stm32cube.ide.mcu.externaltools.gnu-tools-for-stm32.12.3.rel1.win32_1.0.200.202406191623/tools/bin/../lib/gcc/arm-none-eabi/12.3.1/../../../../arm-none-eabi/lib/thumb/v7e-m+dp/hard\libc_nano.a(libc_a-fstatr.o)
                0x08012fb0                _fstat_r
 .text._isatty_r
                0x08012fd4       0x20 C:/ST/STM32CubeIDE_1.16.1/STM32CubeIDE/plugins/com.st.stm32cube.ide.mcu.externaltools.gnu-tools-for-stm32.12.3.rel1.win32_1.0.200.202406191623/tools/bin/../lib/gcc/arm-none-eabi/12.3.1/../../../../arm-none-eabi/lib/thumb/v7e-m+dp/hard\libc_nano.a(libc_a-isattyr.o)
                0x08012fd4                _isatty_r
 .text.checkint
                0x08012ff4       0x68 C:/ST/STM32CubeIDE_1.16.1/STM32CubeIDE/plugins/com.st.stm32cube.ide.mcu.externaltools.gnu-tools-for-stm32.12.3.rel1.win32_1.0.200.202406191623/tools/bin/../lib/gcc/arm-none-eabi/12.3.1/../../../../arm-none-eabi/lib/thumb/v7e-m+dp/hard\libm.a(libm_a-pow.o)
 *fill*         0x0801305c        0x4 
 .text.pow      0x08013060      0x4a0 C:/ST/STM32CubeIDE_1.16.1/STM32CubeIDE/plugins/com.st.stm32cube.ide.mcu.externaltools.gnu-tools-for-stm32.12.3.rel1.win32_1.0.200.202406191623/tools/bin/../lib/gcc/arm-none-eabi/12.3.1/../../../../arm-none-eabi/lib/thumb/v7e-m+dp/hard\libm.a(libm_a-pow.o)
                0x08013060                pow
 .text.with_errno
                0x08013500       0x1c C:/ST/STM32CubeIDE_1.16.1/STM32CubeIDE/plugins/com.st.stm32cube.ide.mcu.externaltools.gnu-tools-for-stm32.12.3.rel1.win32_1.0.200.202406191623/tools/bin/../lib/gcc/arm-none-eabi/12.3.1/../../../../arm-none-eabi/lib/thumb/v7e-m+dp/hard\libm.a(libm_a-math_err.o)
 .text.xflow    0x0801351c       0x22 C:/ST/STM32CubeIDE_1.16.1/STM32CubeIDE/plugins/com.st.stm32cube.ide.mcu.externaltools.gnu-tools-for-stm32.12.3.rel1.win32_1.0.200.202406191623/tools/bin/../lib/gcc/arm-none-eabi/12.3.1/../../../../arm-none-eabi/lib/thumb/v7e-m+dp/hard\libm.a(libm_a-math_err.o)
 *fill*         0x0801353e        0x2 
 .text.__math_uflow
                0x08013540       0x10 C:/ST/STM32CubeIDE_1.16.1/STM32CubeIDE/plugins/com.st.stm32cube.ide.mcu.externaltools.gnu-tools-for-stm32.12.3.rel1.win32_1.0.200.202406191623/tools/bin/../lib/gcc/arm-none-eabi/12.3.1/../../../../arm-none-eabi/lib/thumb/v7e-m+dp/hard\libm.a(libm_a-math_err.o)
                0x08013540                __math_uflow
 .text.__math_oflow
                0x08013550       0x10 C:/ST/STM32CubeIDE_1.16.1/STM32CubeIDE/plugins/com.st.stm32cube.ide.mcu.externaltools.gnu-tools-for-stm32.12.3.rel1.win32_1.0.200.202406191623/tools/bin/../lib/gcc/arm-none-eabi/12.3.1/../../../../arm-none-eabi/lib/thumb/v7e-m+dp/hard\libm.a(libm_a-math_err.o)
                0x08013550                __math_oflow
 .text.__math_divzero
                0x08013560       0x30 C:/ST/STM32CubeIDE_1.16.1/STM32CubeIDE/plugins/com.st.stm32cube.ide.mcu.externaltools.gnu-tools-for-stm32.12.3.rel1.win32_1.0.200.202406191623/tools/bin/../lib/gcc/arm-none-eabi/12.3.1/../../../../arm-none-eabi/lib/thumb/v7e-m+dp/hard\libm.a(libm_a-math_err.o)
                0x08013560                __math_divzero
 .text.__math_invalid
                0x08013590       0x1e C:/ST/STM32CubeIDE_1.16.1/STM32CubeIDE/plugins/com.st.stm32cube.ide.mcu.externaltools.gnu-tools-for-stm32.12.3.rel1.win32_1.0.200.202406191623/tools/bin/../lib/gcc/arm-none-eabi/12.3.1/../../../../arm-none-eabi/lib/thumb/v7e-m+dp/hard\libm.a(libm_a-math_err.o)
                0x08013590                __math_invalid
 .text.__math_check_uflow
                0x080135ae       0x12 C:/ST/STM32CubeIDE_1.16.1/STM32CubeIDE/plugins/com.st.stm32cube.ide.mcu.externaltools.gnu-tools-for-stm32.12.3.rel1.win32_1.0.200.202406191623/tools/bin/../lib/gcc/arm-none-eabi/12.3.1/../../../../arm-none-eabi/lib/thumb/v7e-m+dp/hard\libm.a(libm_a-math_err.o)
                0x080135ae                __math_check_uflow
 .text.__math_check_oflow
                0x080135c0       0x28 C:/ST/STM32CubeIDE_1.16.1/STM32CubeIDE/plugins/com.st.stm32cube.ide.mcu.externaltools.gnu-tools-for-stm32.12.3.rel1.win32_1.0.200.202406191623/tools/bin/../lib/gcc/arm-none-eabi/12.3.1/../../../../arm-none-eabi/lib/thumb/v7e-m+dp/hard\libm.a(libm_a-math_err.o)
                0x080135c0                __math_check_oflow
 *(.glue_7)
 .glue_7        0x080135e8        0x0 linker stubs
 *(.glue_7t)
 .glue_7t       0x080135e8        0x0 linker stubs
 *(.eh_frame)
 .eh_frame      0x080135e8        0x0 C:/ST/STM32CubeIDE_1.16.1/STM32CubeIDE/plugins/com.st.stm32cube.ide.mcu.externaltools.gnu-tools-for-stm32.12.3.rel1.win32_1.0.200.202406191623/tools/bin/../lib/gcc/arm-none-eabi/12.3.1/thumb/v7e-m+dp/hard/crtbegin.o
 *(.init)
 .init          0x080135e8        0x4 C:/ST/STM32CubeIDE_1.16.1/STM32CubeIDE/plugins/com.st.stm32cube.ide.mcu.externaltools.gnu-tools-for-stm32.12.3.rel1.win32_1.0.200.202406191623/tools/bin/../lib/gcc/arm-none-eabi/12.3.1/thumb/v7e-m+dp/hard/crti.o
                0x080135e8                _init
 .init          0x080135ec        0x8 C:/ST/STM32CubeIDE_1.16.1/STM32CubeIDE/plugins/com.st.stm32cube.ide.mcu.externaltools.gnu-tools-for-stm32.12.3.rel1.win32_1.0.200.202406191623/tools/bin/../lib/gcc/arm-none-eabi/12.3.1/thumb/v7e-m+dp/hard/crtn.o
 *(.fini)
 .fini          0x080135f4        0x4 C:/ST/STM32CubeIDE_1.16.1/STM32CubeIDE/plugins/com.st.stm32cube.ide.mcu.externaltools.gnu-tools-for-stm32.12.3.rel1.win32_1.0.200.202406191623/tools/bin/../lib/gcc/arm-none-eabi/12.3.1/thumb/v7e-m+dp/hard/crti.o
                0x080135f4                _fini
 .fini          0x080135f8        0x8 C:/ST/STM32CubeIDE_1.16.1/STM32CubeIDE/plugins/com.st.stm32cube.ide.mcu.externaltools.gnu-tools-for-stm32.12.3.rel1.win32_1.0.200.202406191623/tools/bin/../lib/gcc/arm-none-eabi/12.3.1/thumb/v7e-m+dp/hard/crtn.o
                0x08013600                        . = ALIGN (0x4)
                0x08013600                        _etext = .

.vfp11_veneer   0x08013600        0x0
 .vfp11_veneer  0x08013600        0x0 linker stubs

.v4_bx          0x08013600        0x0
 .v4_bx         0x08013600        0x0 linker stubs

.iplt           0x08013600        0x0
 .iplt          0x08013600        0x0 C:/ST/STM32CubeIDE_1.16.1/STM32CubeIDE/plugins/com.st.stm32cube.ide.mcu.externaltools.gnu-tools-for-stm32.12.3.rel1.win32_1.0.200.202406191623/tools/bin/../lib/gcc/arm-none-eabi/12.3.1/thumb/v7e-m+dp/hard/crtbegin.o

.rodata         0x08013600     0x2878
                0x08013600                        . = ALIGN (0x4)
 *(.rodata)
 .rodata        0x08013600      0xa97 ./Core/Src/main.o
 *(.rodata*)
 *fill*         0x08014097        0x1 
 .rodata.D1CorePrescTable
                0x08014098       0x10 ./Common/Src/system_stm32h7xx_dualcore_boot_cm4_cm7.o
                0x08014098                D1CorePrescTable
 .rodata.delim  0x080140a8        0xa ./Core/Src/main.o
                0x080140a8                delim
 *fill*         0x080140b2        0x2 
 .rodata.port_table
                0x080140b4       0x54 ./Core/Src/main.o
 .rodata.UARTPrescTable
                0x08014108       0x18 ./Drivers/STM32H7xx_HAL_Driver/stm32h7xx_hal_uart.o
                0x08014108                UARTPrescTable
 .rodata.numerator.1
                0x08014120        0x8 ./Drivers/STM32H7xx_HAL_Driver/stm32h7xx_hal_uart_ex.o
 .rodata.denominator.0
                0x08014128        0x8 ./Drivers/STM32H7xx_HAL_Driver/stm32h7xx_hal_uart_ex.o
 .rodata._ctype_
                0x08014130      0x101 C:/ST/STM32CubeIDE_1.16.1/STM32CubeIDE/plugins/com.st.stm32cube.ide.mcu.externaltools.gnu-tools-for-stm32.12.3.rel1.win32_1.0.200.202406191623/tools/bin/../lib/gcc/arm-none-eabi/12.3.1/../../../../arm-none-eabi/lib/thumb/v7e-m+dp/hard\libc_nano.a(libc_a-ctype_.o)
                0x08014130                _ctype_
 .rodata._printf_float.str1.1
                0x08014231       0x12 C:/ST/STM32CubeIDE_1.16.1/STM32CubeIDE/plugins/com.st.stm32cube.ide.mcu.externaltools.gnu-tools-for-stm32.12.3.rel1.win32_1.0.200.202406191623/tools/bin/../lib/gcc/arm-none-eabi/12.3.1/../../../../arm-none-eabi/lib/thumb/v7e-m+dp/hard\libc_nano.a(libc_a-nano-vfprintf_float.o)
 .rodata._printf_i.str1.1