../Core/Src/main.c:168:6:select_port	40	static
../Core/Src/main.c:178:7:pins_restricted	24	static
../Core/Src/main.c:181:6:start_GPIO_CLK	48	static
../Core/Src/main.c:214:5:print	16	static
../Core/Src/main.c:217:5:start_scan	16	static
../Core/Src/main.c:222:6:upperCase	24	static
../Core/Src/main.c:237:7:validate	56	static
../Core/Src/main.c:318:8:identify	184	static
../Core/Src/main.c:582:6:list	296	static
../Core/Src/main.c:635:7:check_state	24	static
../Core/Src/main.c:644:8:parse	136	static
../Core/Src/main.c:677:6:execute	1440	static
../Core/Src/main.c:1072:6:main_loop	96	static
../Core/Src/main.c:1095:6:state_machine	8	static
../Core/Src/main.c:1194:5:main	16	static
../Core/Src/main.c:1304:6:SystemClock_Config	120	static
../Core/Src/main.c:1352:6:HAL_UARTEx_RxEventCallback	16	static
../Core/Src/main.c:1360:6:HAL_TIM_PeriodElapsedCallback	16	static
../Core/Src/main.c:1374:6:Error_Handler	4	static,ignoring_inline_asm
