../Core/Src/main.c:138:5:print	16	static
../Core/Src/main.c:141:5:start_scan	16	static
../Core/Src/main.c:146:6:upperCase	24	static
../Core/Src/main.c:161:7:validate	56	static
../Core/Src/main.c:250:8:identify	128	static
../Core/Src/main.c:393:7:check_state	24	static
../Core/Src/main.c:405:8:parse	136	static
../Core/Src/main.c:526:6:ISR_PID	40	static
../Core/Src/main.c:550:6:enable	16	static
../Core/Src/main.c:574:6:execute	1376	static
../Core/Src/main.c:822:6:read	72	static
../Core/Src/main.c:843:5:main_loop	608	static
../Core/Src/main.c:909:6:state_machine	8	static
../Core/Src/main.c:977:5:main	16	static
../Core/Src/main.c:1059:6:SystemClock_Config	120	static
../Core/Src/main.c:1108:6:HAL_UARTEx_RxEventCallback	72	static
../Core/Src/main.c:1196:6:HAL_TIM_PeriodElapsedCallback	16	static
../Core/Src/main.c:1202:6:HAL_GPIO_EXTI_Callback	16	static
../Core/Src/main.c:1249:6:Error_Handler	4	static,ignoring_inline_asm
