../Core/Src/main.c:176:6:select_port	40	static
../Core/Src/main.c:186:7:pins_restricted	24	static
../Core/Src/main.c:189:6:start_GPIO_CLK	48	static
../Core/Src/main.c:222:5:print	16	static
../Core/Src/main.c:225:5:start_scan	16	static
../Core/Src/main.c:230:6:upperCase	24	static
../Core/Src/main.c:245:7:validate	56	static
../Core/Src/main.c:334:8:identify	192	static
../Core/Src/main.c:612:6:list	296	static
../Core/Src/main.c:665:7:check_state	24	static
../Core/Src/main.c:677:8:parse	136	static
../Core/Src/main.c:705:6:enable	16	static
../Core/Src/main.c:732:6:execute	1448	static
../Core/Src/main.c:1185:6:read	72	static
../Core/Src/main.c:1206:5:main_loop	608	static
../Core/Src/main.c:1265:6:state_machine	8	static
../Core/Src/main.c:1327:5:main	16	static
../Core/Src/main.c:1418:6:SystemClock_Config	120	static
../Core/Src/main.c:1467:6:HAL_UARTEx_RxEventCallback	72	static
../Core/Src/main.c:1543:6:HAL_TIM_PeriodElapsedCallback	16	static
../Core/Src/main.c:1553:6:HAL_GPIO_EXTI_Callback	16	static
../Core/Src/main.c:1589:6:Error_Handler	4	static,ignoring_inline_asm
