../Core/Src/main.c:163:6:select_port	40	static
../Core/Src/main.c:173:7:pins_restricted	24	static
../Core/Src/main.c:176:6:start_GPIO_CLK	48	static
../Core/Src/main.c:209:5:print	16	static
../Core/Src/main.c:212:5:start_scan	16	static
../Core/Src/main.c:217:6:upperCase	24	static
../Core/Src/main.c:232:7:validate	56	static
../Core/Src/main.c:320:8:identify	192	static
../Core/Src/main.c:584:6:list	296	static
../Core/Src/main.c:637:7:check_state	24	static
../Core/Src/main.c:646:8:parse	136	static
../Core/Src/main.c:679:6:execute	1448	static
../Core/Src/main.c:1099:5:main_loop	96	static
../Core/Src/main.c:1124:6:state_machine	8	static
../Core/Src/main.c:1229:5:main	16	static
../Core/Src/main.c:1339:6:SystemClock_Config	120	static
../Core/Src/main.c:1387:6:HAL_UARTEx_RxEventCallback	16	static
../Core/Src/main.c:1395:6:HAL_TIM_PeriodElapsedCallback	16	static
../Core/Src/main.c:1409:6:Error_Handler	4	static,ignoring_inline_asm
