../Core/Src/main.c:180:6:select_port	40	static
../Core/Src/main.c:190:7:pins_restricted	24	static
../Core/Src/main.c:193:6:start_GPIO_CLK	48	static
../Core/Src/main.c:226:5:print	16	static
../Core/Src/main.c:229:5:start_scan	16	static
../Core/Src/main.c:234:6:upperCase	24	static
../Core/Src/main.c:249:7:validate	56	static
../Core/Src/main.c:338:8:identify	192	static
../Core/Src/main.c:616:6:list	296	static
../Core/Src/main.c:669:7:check_state	24	static
../Core/Src/main.c:681:8:parse	136	static
../Core/Src/main.c:709:6:enable	16	static
../Core/Src/main.c:736:6:execute	1448	static
../Core/Src/main.c:1209:5:main_loop	632	static
../Core/Src/main.c:1256:6:state_machine	8	static
../Core/Src/main.c:1365:5:main	16	static
../Core/Src/main.c:1456:6:SystemClock_Config	120	static
../Core/Src/main.c:1555:6:HAL_UART_RxCpltCallback	592	static
../Core/Src/main.c:1613:6:HAL_TIM_PeriodElapsedCallback	16	static
../Core/Src/main.c:1623:6:HAL_GPIO_EXTI_Callback	16	static
../Core/Src/main.c:1667:6:Error_Handler	4	static,ignoring_inline_asm
