../Core/Src/main.c:132:5:print	16	static
../Core/Src/main.c:135:5:start_scan	16	static
../Core/Src/main.c:140:6:upperCase	24	static
../Core/Src/main.c:155:7:validate	56	static
../Core/Src/main.c:244:8:identify	128	static
../Core/Src/main.c:387:7:check_state	24	static
../Core/Src/main.c:399:8:parse	136	static
../Core/Src/main.c:429:6:enable	16	static
../Core/Src/main.c:453:6:execute	1376	static
../Core/Src/main.c:701:6:read	72	static
../Core/Src/main.c:722:5:main_loop	608	static
../Core/Src/main.c:781:6:state_machine	8	static
../Core/Src/main.c:844:5:main	16	static
../Core/Src/main.c:926:6:SystemClock_Config	120	static
../Core/Src/main.c:975:6:HAL_UARTEx_RxEventCallback	72	static
../Core/Src/main.c:1063:6:HAL_TIM_PeriodElapsedCallback	16	static
../Core/Src/main.c:1069:6:HAL_GPIO_EXTI_Callback	16	static
../Core/Src/main.c:1116:6:Error_Handler	4	static,ignoring_inline_asm
