../Core/Src/main.c:172:6:select_port	40	static
../Core/Src/main.c:182:7:pins_restricted	24	static
../Core/Src/main.c:185:6:start_GPIO_CLK	48	static
../Core/Src/main.c:218:5:print	16	static
../Core/Src/main.c:221:5:start_scan	16	static
../Core/Src/main.c:226:6:upperCase	24	static
../Core/Src/main.c:241:7:validate	56	static
../Core/Src/main.c:330:8:identify	192	static
../Core/Src/main.c:608:6:list	296	static
../Core/Src/main.c:661:7:check_state	24	static
../Core/Src/main.c:673:8:parse	136	static
../Core/Src/main.c:701:6:enable	16	static
../Core/Src/main.c:728:6:execute	1448	static
../Core/Src/main.c:1191:5:main_loop	632	static
../Core/Src/main.c:1238:6:state_machine	8	static
../Core/Src/main.c:1347:5:main	16	static
../Core/Src/main.c:1438:6:SystemClock_Config	120	static
../Core/Src/main.c:1487:6:HAL_UARTEx_RxEventCallback	56	static
../Core/Src/main.c:1528:6:HAL_TIM_PeriodElapsedCallback	16	static
../Core/Src/main.c:1538:6:HAL_GPIO_EXTI_Callback	16	static
../Core/Src/main.c:1574:6:Error_Handler	4	static,ignoring_inline_asm
