../Core/Src/main.c:132:5:print	16	static
../Core/Src/main.c:135:5:start_scan	16	static
../Core/Src/main.c:140:6:upperCase	24	static
../Core/Src/main.c:155:7:validate	64	static
../Core/Src/main.c:301:8:identify	128	static
../Core/Src/main.c:444:7:check_state	24	static
../Core/Src/main.c:456:8:parse	136	static
../Core/Src/main.c:565:6:ISR_PID	48	static
../Core/Src/main.c:629:6:enable	16	static
../Core/Src/main.c:653:6:execute	1448	static
../Core/Src/main.c:994:6:read	64	static
../Core/Src/main.c:1017:5:main_loop	608	static
../Core/Src/main.c:1088:6:state_machine	8	static
../Core/Src/main.c:1165:5:main	16	static
../Core/Src/main.c:1247:6:SystemClock_Config	120	static
../Core/Src/main.c:1296:6:HAL_UARTEx_RxEventCallback	72	static
../Core/Src/main.c:1384:6:HAL_TIM_PeriodElapsedCallback	16	static
../Core/Src/main.c:1390:6:HAL_GPIO_EXTI_Callback	16	static
../Core/Src/main.c:1437:6:Error_Handler	4	static,ignoring_inline_asm
