../Core/Src/main.c:170:6:select_port	40	static
../Core/Src/main.c:180:7:pins_restricted	24	static
../Core/Src/main.c:183:6:start_GPIO_CLK	48	static
../Core/Src/main.c:216:5:print	16	static
../Core/Src/main.c:219:5:start_scan	16	static
../Core/Src/main.c:224:6:upperCase	24	static
../Core/Src/main.c:239:7:validate	56	static
../Core/Src/main.c:328:8:identify	192	static
../Core/Src/main.c:606:6:list	296	static
../Core/Src/main.c:659:7:check_state	24	static
../Core/Src/main.c:671:8:parse	136	static
../Core/Src/main.c:699:6:enable	16	static
../Core/Src/main.c:721:6:execute	1448	static
../Core/Src/main.c:1183:5:main_loop	632	static
../Core/Src/main.c:1224:6:state_machine	8	static
../Core/Src/main.c:1333:5:main	16	static
../Core/Src/main.c:1444:6:SystemClock_Config	120	static
../Core/Src/main.c:1492:6:HAL_UARTEx_RxEventCallback	16	static
../Core/Src/main.c:1500:6:HAL_TIM_PeriodElapsedCallback	16	static
../Core/Src/main.c:1510:6:HAL_GPIO_EXTI_Callback	16	static
../Core/Src/main.c:1541:6:Error_Handler	4	static,ignoring_inline_asm
