../Core/Src/main.c:163:6:select_port	40	static
../Core/Src/main.c:173:7:pins_restricted	24	static
../Core/Src/main.c:176:6:start_GPIO_CLK	48	static
../Core/Src/main.c:209:5:print	16	static
../Core/Src/main.c:212:5:start_scan	16	static
../Core/Src/main.c:217:6:upperCase	24	static
../Core/Src/main.c:232:7:validate	56	static
../Core/Src/main.c:321:8:identify	192	static
../Core/Src/main.c:599:6:list	296	static
../Core/Src/main.c:652:7:check_state	24	static
../Core/Src/main.c:664:8:parse	136	static
../Core/Src/main.c:698:6:execute	1448	static
../Core/Src/main.c:1154:5:main_loop	96	static
../Core/Src/main.c:1180:6:state_machine	8	static
../Core/Src/main.c:1286:5:main	16	static
../Core/Src/main.c:1396:6:SystemClock_Config	120	static
../Core/Src/main.c:1444:6:HAL_UARTEx_RxEventCallback	16	static
../Core/Src/main.c:1452:6:HAL_TIM_PeriodElapsedCallback	16	static
../Core/Src/main.c:1466:6:Error_Handler	4	static,ignoring_inline_asm
